Component: Arm Compiler for Embedded 6.18 Tool: armlink [5e4cc100]

==============================================================================

Section Cross References

    main.o(.text.mg_millis) refers to rtx_kernel.o(.text.osKernelGetTickCount) for osKernelGetTickCount
    main.o(.ARM.exidx.text.mg_millis) refers to main.o(.text.mg_millis) for [Anonymous Symbol]
    main.o(.text.main) refers to main.o(.text.clock_init) for clock_init
    main.o(.text.main) refers to main.o(.text.systick_init) for systick_init
    main.o(.text.main) refers to main.o(.text.uart_init) for uart_init
    main.o(.text.main) refers to rtx_kernel.o(.text.osKernelInitialize) for osKernelInitialize
    main.o(.text.main) refers to malloc.o(i.malloc) for malloc
    main.o(.text.main) refers to memseta.o(.text) for __aeabi_memclr4
    main.o(.text.main) refers to main.o(.text.mytask) for mytask
    main.o(.text.main) refers to rtx_thread.o(.text.osThreadNew) for osThreadNew
    main.o(.text.main) refers to rtx_kernel.o(.text.osKernelStart) for osKernelStart
    main.o(.ARM.exidx.text.main) refers to main.o(.text.main) for [Anonymous Symbol]
    main.o(.text.clock_init) refers to main.o(.text.spin) for spin
    main.o(.text.clock_init) refers to system_stm32f4xx.o(.text.SystemCoreClockUpdate) for SystemCoreClockUpdate
    main.o(.ARM.exidx.text.clock_init) refers to main.o(.text.clock_init) for [Anonymous Symbol]
    main.o(.ARM.exidx.text.systick_init) refers to main.o(.text.systick_init) for [Anonymous Symbol]
    main.o(.text.uart_init) refers to main.o(.text.gpio_set_mode) for gpio_set_mode
    main.o(.text.uart_init) refers to main.o(.text.gpio_set_af) for gpio_set_af
    main.o(.ARM.exidx.text.uart_init) refers to main.o(.text.uart_init) for [Anonymous Symbol]
    main.o(.text.mytask) refers to main.o(.text.gpio_set_mode) for gpio_set_mode
    main.o(.text.mytask) refers to main.o(.text.uart_logger) for uart_logger
    main.o(.text.mytask) refers to mongoose.o(.text.mg_log_set_fn) for mg_log_set_fn
    main.o(.text.mytask) refers to net_sys.o(.text.netInitialize) for netInitialize
    main.o(.text.mytask) refers to mongoose.o(.text.mg_mgr_init) for mg_mgr_init
    main.o(.text.mytask) refers to main.o(.rodata.str1.1) for .L.str
    main.o(.text.mytask) refers to main.o(.text.fn) for fn
    main.o(.text.mytask) refers to mongoose.o(.text.mg_http_listen) for mg_http_listen
    main.o(.text.mytask) refers to main.o(.text.gpio_toggle) for gpio_toggle
    main.o(.text.mytask) refers to mongoose.o(.text.mg_mgr_poll) for mg_mgr_poll
    main.o(.ARM.exidx.text.mytask) refers to main.o(.text.mytask) for [Anonymous Symbol]
    main.o(.ARM.exidx.text.spin) refers to main.o(.text.spin) for [Anonymous Symbol]
    main.o(.ARM.exidx.text.gpio_set_mode) refers to main.o(.text.gpio_set_mode) for [Anonymous Symbol]
    main.o(.ARM.exidx.text.gpio_set_af) refers to main.o(.text.gpio_set_af) for [Anonymous Symbol]
    main.o(.text.uart_logger) refers to main.o(.text.uart_write_byte) for uart_write_byte
    main.o(.ARM.exidx.text.uart_logger) refers to main.o(.text.uart_logger) for [Anonymous Symbol]
    main.o(.text.fn) refers to main.o(.rodata.str1.1) for .L.str.1
    main.o(.text.fn) refers to mongoose.o(.text.mg_http_match_uri) for mg_http_match_uri
    main.o(.text.fn) refers to mongoose.o(.text.mg_json_get_long) for mg_json_get_long
    main.o(.text.fn) refers to mongoose.o(.text.mg_log_set) for mg_log_set
    main.o(.text.fn) refers to mongoose.o(.text.mg_http_reply) for mg_http_reply
    main.o(.ARM.exidx.text.fn) refers to main.o(.text.fn) for [Anonymous Symbol]
    main.o(.ARM.exidx.text.gpio_toggle) refers to main.o(.text.gpio_toggle) for [Anonymous Symbol]
    main.o(.text.uart_write_byte) refers to main.o(.text.spin) for spin
    main.o(.ARM.exidx.text.uart_write_byte) refers to main.o(.text.uart_write_byte) for [Anonymous Symbol]
    mongoose.o(.text.mg_base64_update) refers to mongoose.o(.text.mg_b64idx) for mg_b64idx
    mongoose.o(.ARM.exidx.text.mg_base64_update) refers to mongoose.o(.text.mg_base64_update) for [Anonymous Symbol]
    mongoose.o(.ARM.exidx.text.mg_b64idx) refers to mongoose.o(.text.mg_b64idx) for [Anonymous Symbol]
    mongoose.o(.text.mg_base64_final) refers to mongoose.o(.text.mg_base64_update) for mg_base64_update
    mongoose.o(.ARM.exidx.text.mg_base64_final) refers to mongoose.o(.text.mg_base64_final) for [Anonymous Symbol]
    mongoose.o(.text.mg_base64_encode) refers to mongoose.o(.text.mg_base64_update) for mg_base64_update
    mongoose.o(.text.mg_base64_encode) refers to mongoose.o(.text.mg_base64_final) for mg_base64_final
    mongoose.o(.ARM.exidx.text.mg_base64_encode) refers to mongoose.o(.text.mg_base64_encode) for [Anonymous Symbol]
    mongoose.o(.text.mg_base64_decode) refers to mongoose.o(.text.mg_b64rev) for mg_b64rev
[...]
    osRtxUserSVC                             0x08010208   Data           4  rtx_lib.o(.rodata.osRtxUserSVC)
    Region$$Table$$Base                      0x08010828   Number         0  anon$$obj.o(Region$$Table)
    Region$$Table$$Limit                     0x08010848   Number         0  anon$$obj.o(Region$$Table)
    __stdout                                 0x20000000   Data           4  stdout.o(.data)
    __microlib_freelist                      0x20000008   Data           4  mvars.o(.data)
    __microlib_freelist_initialised          0x2000000c   Data           4  mvars.o(.data)
    SystemCoreClock                          0x20000010   Data           4  system_stm32f4xx.o(.data.SystemCoreClock)
    osRtxInfo                                0x20000014   Data         164  rtx_kernel.o(.data.os)
    net_sys_control                          0x200000e0   Data          28  net_sys.o(.bss..L_MergedGlobals)
    net_eth0_arp_control                     0x200082d8   Data          24  net_arp.o(.bss.net_eth0_arp_control)
    net_eth0_dhcp_control                    0x200082f0   Data          40  net_dhcp_client.o(.bss.net_eth0_dhcp_control)
    net_eth0_icmp_control                    0x20008318   Data           1  net_icmp.o(.bss.net_eth0_icmp_control)
    net_eth0_if_control                      0x2000831c   Data         160  net_eth.o(.bss.net_eth0_if_control)
    net_ping_control                         0x200083c0   Data          32  net_ping_core.o(.bss.net_ping_control)
    .bss.os.msgqueue.cb$$Base                0x2001083c   Number         0  rtx_lib.o(.bss.os.msgqueue.cb)
    .bss.os.msgqueue.cb$$Limit               0x20010870   Number         0  rtx_lib.o(.bss.os.msgqueue.cb)
    .bss.os.mutex.cb$$Base                   0x200108c0   Number         0  net_config.o(.bss.os.mutex.cb)
    .bss.os.mutex.cb$$Limit                  0x200108f8   Number         0  net_config.o(.bss.os.mutex.cb)
    .bss.os.semaphore.cb$$Base               0x200108f8   Number         0  net_config.o(.bss.os.semaphore.cb)
    .bss.os.semaphore.cb$$Limit              0x20010908   Number         0  net_config.o(.bss.os.semaphore.cb)
    .bss.os.thread.cb$$Base                  0x20010908   Number         0  rtx_lib.o(.bss.os.thread.cb)
    .bss.os.thread.cb$$Limit                 0x20010a18   Number         0  net_config.o(.bss.os.thread.cb)
    .bss.os.timer.cb$$Base                   0x20010e18   Number         0  net_config.o(.bss.os.timer.cb)
    .bss.os.timer.cb$$Limit                  0x20010e38   Number         0  net_config.o(.bss.os.timer.cb)
    uwTick                                   0x200136e4   Data           4  stm32f4xx_hal.o(.bss.uwTick)
    __heap_base                              0x200136e8   Data           0  startup_stm32f429xx.o(HEAP)
    __heap_limit                             0x200236e8   Data           0  startup_stm32f429xx.o(HEAP)
    __initial_sp                             0x200256e8   Data           0  startup_stm32f429xx.o(STACK)



==============================================================================

Memory Map of the image

  Image Entry point : 0x080001c1

  Load Region LR_1 (Base: 0x08000000, Size: 0x00010908, Max: 0xffffffff, ABSOLUTE)

    Execution Region ER_RO (Exec base: 0x08000000, Load base: 0x08000000, Size: 0x00010848, Max: 0xffffffff, ABSOLUTE)

    Exec Addr    Load Addr    Size         Type   Attr      Idx    E Section Name        Object

    0x08000000   0x08000000   0x000001ac   Data   RO         1039    RESET               startup_stm32f429xx.o
    0x080001ac   0x080001ac   0x00000000   Code   RO         2536  * .ARM.Collect$$$$00000000  mc_w.l(entry.o)
    0x080001ac   0x080001ac   0x00000004   Code   RO         2672    .ARM.Collect$$$$00000001  mc_w.l(entry2.o)
    0x080001b0   0x080001b0   0x00000004   Code   RO         2675    .ARM.Collect$$$$00000004  mc_w.l(entry5.o)
    0x080001b4   0x080001b4   0x00000000   Code   RO         2677    .ARM.Collect$$$$00000008  mc_w.l(entry7b.o)
    0x080001b4   0x080001b4   0x00000000   Code   RO         2679    .ARM.Collect$$$$0000000A  mc_w.l(entry8b.o)
    0x080001b4   0x080001b4   0x00000008   Code   RO         2680    .ARM.Collect$$$$0000000B  mc_w.l(entry9a.o)
    0x080001bc   0x080001bc   0x00000000   Code   RO         2682    .ARM.Collect$$$$0000000D  mc_w.l(entry10a.o)
    0x080001bc   0x080001bc   0x00000000   Code   RO         2684    .ARM.Collect$$$$0000000F  mc_w.l(entry11a.o)
    0x080001bc   0x080001bc   0x00000004   Code   RO         2673    .ARM.Collect$$$$00002712  mc_w.l(entry2.o)
    0x080001c0   0x080001c0   0x00000024   Code   RO         1040  * .text               startup_stm32f429xx.o
    0x080001e4   0x080001e4   0x000000c8   Code   RO         1518    .text               RTX_CM4F.lib(irq_armv7m.o)
    0x080002ac   0x080002ac   0x00000062   Code   RO         2568    .text               mc_w.l(uldiv.o)
    0x0800030e   0x0800030e   0x00000040   Code   RO         2577    .text               mc_w.l(memmovea.o)
    0x0800034e   0x0800034e   0x00000024   Code   RO         2579    .text               mc_w.l(memseta.o)
    0x08000372   0x08000372   0x00000014   Code   RO         2581    .text               mc_w.l(strchr.o)
    0x08000386   0x08000386   0x0000000e   Code   RO         2583    .text               mc_w.l(strlen.o)
    0x08000394   0x08000394   0x00000014   Code   RO         2587    .text               mc_w.l(memchr.o)
    0x080003a8   0x080003a8   0x0000001a   Code   RO         2589    .text               mc_w.l(memcmp.o)
    0x080003c2   0x080003c2   0x0000001e   Code   RO         2593    .text               mc_w.l(strncmp.o)
    0x080003e0   0x080003e0   0x00000016   Code   RO         2595    .text               mc_w.l(strrchr.o)
    0x080003f6   0x080003f6   0x0000001c   Code   RO         2629    .text               mc_w.l(calloc.o)
    0x08000412   0x08000412   0x00000070   Code   RO         2640    .text               mc_w.l(strtol.o)
    0x08000482   0x08000482   0x0000001a   Code   RO         2642    .text               mc_w.l(atoi.o)
    0x0800049c   0x0800049c   0x0000014e   Code   RO         2644    .text               mf_w.l(dadd.o)
    0x080005ea   0x080005ea   0x000000e4   Code   RO         2646    .text               mf_w.l(dmul.o)
    0x080006ce   0x080006ce   0x000000de   Code   RO         2648    .text               mf_w.l(ddiv.o)
    0x080007ac   0x080007ac   0x00000036   Code   RO         2650    .text               mf_w.l(dcmple.o)
    0x080007e2   0x080007e2   0x00000036   Code   RO         2652    .text               mf_w.l(dcmplt.o)
    0x08000818   0x08000818   0x00000036   Code   RO         2654    .text               mf_w.l(dcmpge.o)
    0x0800084e   0x0800084e   0x00000036   Code   RO         2656    .text               mf_w.l(dcmpgt.o)
    0x08000884   0x08000884   0x00000038   Code   RO         2658    .text               mf_w.l(dcmpeq.o)
    0x080008bc   0x080008bc   0x00000022   Code   RO         2660    .text               mf_w.l(dflti.o)
    0x080008de   0x080008de   0x0000003e   Code   RO         2666    .text               mf_w.l(dfixi.o)
    0x0800091c   0x0800091c   0x00000000   Code   RO         2703    .text               mc_w.l(semi.o)
    0x0800091c   0x0800091c   0x0000001e   Code   RO         2704    .text               mc_w.l(llshl.o)
    0x0800093a   0x0800093a   0x00000020   Code   RO         2706    .text               mc_w.l(llushr.o)
    0x0800095a   0x0800095a   0x00000024   Code   RO         2708    .text               mc_w.l(llsshr.o)
    0x0800097e   0x0800097e   0x00000002   PAD
    0x08000980   0x08000980   0x00000008   Code   RO         2710    .text               mc_w.l(ctype_o.o)
    0x08000988   0x08000988   0x0000009e   Code   RO         2754    .text               mc_w.l(_strtoul.o)
    0x08000a26   0x08000a26   0x00000000   Code   RO         2756    .text               mc_w.l(iusefp.o)
    0x08000a26   0x08000a26   0x000000ba   Code   RO         2759    .text               mf_w.l(depilogue.o)
    0x08000ae0   0x08000ae0   0x00000024   Code   RO         2761    .text               mc_w.l(init.o)
    0x08000b04   0x08000b04   0x0000001c   Code   RO         2765    .text               mc_w.l(_chval.o)
    0x08000b20   0x08000b20   0x00000000   Code   RO         2770    .text               mc_w.l(iusesemip.o)
    0x08000b20   0x08000b20   0x000002c2   Code   RO          712    .text.Control       emac_stm32f4xx.o
    0x08000de2   0x08000de2   0x00000002   PAD
    0x08000de4   0x08000de4   0x0000000e   Code   RO          710    .text.ControlTimer  emac_stm32f4xx.o
    0x08000df2   0x08000df2   0x00000002   PAD
    0x08000df4   0x08000df4   0x0000009e   Code   RO          682    .text.ETH_IRQHandler  emac_stm32f4xx.o
    0x08000e92   0x08000e92   0x00000002   PAD
    0x08000e94   0x08000e94   0x00000256   Code   RO          718    .text.Enable_GPIO_Clock  emac_stm32f4xx.o
    0x080010ea   0x080010ea   0x00000002   PAD
    0x080010ec   0x080010ec   0x00000014   Code   RO          686    .text.GetCapabilities  emac_stm32f4xx.o
    0x08001100   0x08001100   0x00000060   Code   RO          670    .text.GetLinkInfo   phy_lan8742a.o
    0x08001160   0x08001160   0x00000044   Code   RO          668    .text.GetLinkState  phy_lan8742a.o
    0x080011a4   0x080011a4   0x0000007c   Code   RO          694    .text.GetMacAddress  emac_stm32f4xx.o
    0x08001220   0x08001220   0x00000082   Code   RO          704    .text.GetRxFrameSize  emac_stm32f4xx.o
    0x080012a2   0x080012a2   0x00000002   PAD
    0x080012a4   0x080012a4   0x0000000c   Code   RO          706    .text.GetRxFrameTime  emac_stm32f4xx.o
    0x080012b0   0x080012b0   0x0000000c   Code   RO          708    .text.GetTxFrameTime  emac_stm32f4xx.o
    0x080012bc   0x080012bc   0x00000014   Code   RO          656    .text.GetVersion    phy_lan8742a.o
    0x080012d0   0x080012d0   0x00000014   Code   RO          684    .text.GetVersion    emac_stm32f4xx.o
    0x080012e4   0x080012e4   0x0000025c   Code   RO          893    .text.HAL_GPIO_DeInit  stm32f4xx_hal_gpio.o
    0x08001540   0x08001540   0x000003ee   Code   RO          891    .text.HAL_GPIO_Init  stm32f4xx_hal_gpio.o
    0x0800192e   0x0800192e   0x00000002   PAD
    0x08001930   0x08001930   0x0000000c   Code   RO          764    .text.HAL_GetTick   stm32f4xx_hal.o
    0x0800193c   0x0800193c   0x0000000c   Code   RO          994    .text.HAL_RCC_GetHCLKFreq  stm32f4xx_hal_rcc.o
    0x08001948   0x08001948   0x00000050   Code   RO          658    .text.Initialize    phy_lan8742a.o
    0x08001998   0x08001998   0x00000092   Code   RO          688    .text.Initialize    emac_stm32f4xx.o
    0x08001a2a   0x08001a2a   0x00000040   Code   RO         2289    .text.MessageQueueGet  RTX_CM4F.lib(rtx_msgqueue.o)
    0x08001a6a   0x08001a6a   0x00000058   Code   RO         2283    .text.MessageQueuePut  RTX_CM4F.lib(rtx_msgqueue.o)
    0x08001ac2   0x08001ac2   0x0000001c   Code   RO         2281    .text.MessageQueueRemove  RTX_CM4F.lib(rtx_msgqueue.o)
    0x08001ade   0x08001ade   0x00000002   PAD
    0x08001ae0   0x08001ae0   0x00000008   Code   RO         2329    .text.OS_Tick_AcknowledgeIRQ  RTX_CM4F.lib(os_systick.o)
    0x08001ae8   0x08001ae8   0x00000024   Code   RO         2325    .text.OS_Tick_Enable  RTX_CM4F.lib(os_systick.o)
    0x08001b0c   0x08001b0c   0x00000006   Code   RO         2331    .text.OS_Tick_GetIRQn  RTX_CM4F.lib(os_systick.o)
    0x08001b12   0x08001b12   0x00000002   PAD
    0x08001b14   0x08001b14   0x00000040   Code   RO         2323    .text.OS_Tick_Setup  RTX_CM4F.lib(os_systick.o)
    0x08001b54   0x08001b54   0x0000000c   Code   RO         1231    .text.OUTLINED_FUNCTION_0  RTX_CM4F.lib(rtx_kernel.o)
    0x08001b60   0x08001b60   0x00000006   Code   RO         1371    .text.OUTLINED_FUNCTION_0  RTX_CM4F.lib(rtx_thread.o)
    0x08001b66   0x08001b66   0x00000006   Code   RO         1564    .text.OUTLINED_FUNCTION_0  Net4_CM3_L.lib(net_eth.o)
    0x08001b6c   0x08001b6c   0x00000006   Code   RO         1681    .text.OUTLINED_FUNCTION_0  Net4_CM3_L.lib(net_ip4_frag.o)
    0x08001b72   0x08001b72   0x00000012   Code   RO         1888    .text.OUTLINED_FUNCTION_0  Net4_CM3_L.lib(net_tcp.o)
    0x08001b84   0x08001b84   0x00000008   Code   RO         2013    .text.OUTLINED_FUNCTION_0  Net4_CM3_L.lib(net_bsd.o)
    0x08001b8c   0x08001b8c   0x0000000c   Code   RO         2069    .text.OUTLINED_FUNCTION_0  Net4_CM3_L.lib(net_dhcp_client.o)
    0x08001b98   0x08001b98   0x0000000c   Code   RO         2297    .text.OUTLINED_FUNCTION_0  RTX_CM4F.lib(rtx_msgqueue.o)
    0x08001ba4   0x08001ba4   0x00000006   Code   RO         1233    .text.OUTLINED_FUNCTION_1  RTX_CM4F.lib(rtx_kernel.o)
    0x08001baa   0x08001baa   0x00000006   Code   RO         1373    .text.OUTLINED_FUNCTION_1  RTX_CM4F.lib(rtx_thread.o)
    0x08001bb0   0x08001bb0   0x0000000a   Code   RO         1566    .text.OUTLINED_FUNCTION_1  Net4_CM3_L.lib(net_eth.o)
    0x08001bba   0x08001bba   0x0000000a   Code   RO         1683    .text.OUTLINED_FUNCTION_1  Net4_CM3_L.lib(net_ip4_frag.o)
    0x08001bc4   0x08001bc4   0x0000000a   Code   RO         1768    .text.OUTLINED_FUNCTION_1  Net4_CM3_L.lib(net_udp.o)
    0x08001bce   0x08001bce   0x0000000a   Code   RO         1890    .text.OUTLINED_FUNCTION_1  Net4_CM3_L.lib(net_tcp.o)
    0x08001bd8   0x08001bd8   0x00000010   Code   RO         2015    .text.OUTLINED_FUNCTION_1  Net4_CM3_L.lib(net_bsd.o)
    0x08001be8   0x08001be8   0x0000000a   Code   RO         2071    .text.OUTLINED_FUNCTION_1  Net4_CM3_L.lib(net_dhcp_client.o)
    0x08001bf2   0x08001bf2   0x00000006   Code   RO         2299    .text.OUTLINED_FUNCTION_1  RTX_CM4F.lib(rtx_msgqueue.o)
    0x08001bf8   0x08001bf8   0x0000000a   Code   RO         1910    .text.OUTLINED_FUNCTION_11  Net4_CM3_L.lib(net_tcp.o)
    0x08001c02   0x08001c02   0x0000000a   Code   RO         1912    .text.OUTLINED_FUNCTION_12  Net4_CM3_L.lib(net_tcp.o)
    0x08001c0c   0x08001c0c   0x00000012   Code   RO         1914    .text.OUTLINED_FUNCTION_13  Net4_CM3_L.lib(net_tcp.o)
    0x08001c1e   0x08001c1e   0x00000006   Code   RO         1568    .text.OUTLINED_FUNCTION_2  Net4_CM3_L.lib(net_eth.o)
    0x08001c24   0x08001c24   0x0000000c   Code   RO         2017    .text.OUTLINED_FUNCTION_2  Net4_CM3_L.lib(net_bsd.o)
    0x08001c30   0x08001c30   0x0000000c   Code   RO         2073    .text.OUTLINED_FUNCTION_2  Net4_CM3_L.lib(net_dhcp_client.o)
    0x08001c3c   0x08001c3c   0x00000006   Code   RO         1570    .text.OUTLINED_FUNCTION_3  Net4_CM3_L.lib(net_eth.o)
    0x08001c42   0x08001c42   0x00000008   Code   RO         1894    .text.OUTLINED_FUNCTION_3  Net4_CM3_L.lib(net_tcp.o)
    0x08001c4a   0x08001c4a   0x00000006   Code   RO         2019    .text.OUTLINED_FUNCTION_3  Net4_CM3_L.lib(net_bsd.o)
    0x08001c50   0x08001c50   0x00000008   Code   RO         2075    .text.OUTLINED_FUNCTION_3  Net4_CM3_L.lib(net_dhcp_client.o)
    0x08001c58   0x08001c58   0x0000000c   Code   RO         2021    .text.OUTLINED_FUNCTION_4  Net4_CM3_L.lib(net_bsd.o)
    0x08001c64   0x08001c64   0x00000008   Code   RO         2077    .text.OUTLINED_FUNCTION_4  Net4_CM3_L.lib(net_dhcp_client.o)
    0x08001c6c   0x08001c6c   0x00000012   Code   RO         1898    .text.OUTLINED_FUNCTION_5  Net4_CM3_L.lib(net_tcp.o)
    0x08001c7e   0x08001c7e   0x0000000c   Code   RO         2023    .text.OUTLINED_FUNCTION_5  Net4_CM3_L.lib(net_bsd.o)
    0x08001c8a   0x08001c8a   0x00000008   Code   RO         2079    .text.OUTLINED_FUNCTION_5  Net4_CM3_L.lib(net_dhcp_client.o)
    0x08001c92   0x08001c92   0x00000008   Code   RO         1900    .text.OUTLINED_FUNCTION_6  Net4_CM3_L.lib(net_tcp.o)
    0x08001c9a   0x08001c9a   0x00000008   Code   RO         2025    .text.OUTLINED_FUNCTION_6  Net4_CM3_L.lib(net_bsd.o)
    0x08001ca2   0x08001ca2   0x0000000e   Code   RO         1902    .text.OUTLINED_FUNCTION_7  Net4_CM3_L.lib(net_tcp.o)
    0x08001cb0   0x08001cb0   0x0000000e   Code   RO         1904    .text.OUTLINED_FUNCTION_8  Net4_CM3_L.lib(net_tcp.o)
    0x08001cbe   0x08001cbe   0x0000000a   Code   RO         1906    .text.OUTLINED_FUNCTION_9  Net4_CM3_L.lib(net_tcp.o)
    0x08001cc8   0x08001cc8   0x000000ac   Code   RO          714    .text.PHY_Read      emac_stm32f4xx.o
    0x08001d74   0x08001d74   0x000000ae   Code   RO          716    .text.PHY_Write     emac_stm32f4xx.o
    0x08001e22   0x08001e22   0x00000002   PAD
    0x08001e24   0x08001e24   0x00000126   Code   RO          662    .text.PowerControl  phy_lan8742a.o
    0x08001f4a   0x08001f4a   0x00000002   PAD
    0x08001f4c   0x08001f4c   0x0000033e   Code   RO          692    .text.PowerControl  emac_stm32f4xx.o
    0x0800228a   0x0800228a   0x00000002   PAD
    0x0800228c   0x0800228c   0x0000003c   Code   RO          109    .text.Qcpy          mongoose.o
    0x080022c8   0x080022c8   0x00000128   Code   RO          702    .text.ReadFrame     emac_stm32f4xx.o
    0x080023f0   0x080023f0   0x0000002e   Code   RO         1505    .text.SemaphoreTokenIncrement  RTX_CM4F.lib(rtx_semaphore.o)
    0x0800241e   0x0800241e   0x00000002   PAD
    0x08002420   0x08002420   0x0000023e   Code   RO          700    .text.SendFrame     emac_stm32f4xx.o
    0x0800265e   0x0800265e   0x00000002   PAD
    0x08002660   0x08002660   0x0000020c   Code   RO          698    .text.SetAddressFilter  emac_stm32f4xx.o
    0x0800286c   0x0800286c   0x00000046   Code   RO          664    .text.SetInterface  phy_lan8742a.o
    0x080028b2   0x080028b2   0x00000002   PAD
    0x080028b4   0x080028b4   0x00000054   Code   RO          696    .text.SetMacAddress  emac_stm32f4xx.o
    0x08002908   0x08002908   0x000000f6   Code   RO          666    .text.SetMode       phy_lan8742a.o
    0x080029fe   0x080029fe   0x00000002   PAD
    0x08002a00   0x08002a00   0x0000012e   Code   RO         1049    .text.SystemCoreClockUpdate  system_stm32f4xx.o
    0x08002b2e   0x08002b2e   0x00000002   PAD
    0x08002b30   0x08002b30   0x00000012   Code   RO         1047    .text.SystemInit    system_stm32f4xx.o
    0x08002b42   0x08002b42   0x00000064   Code   RO         1323    .text.ThreadFlagsCheck  RTX_CM4F.lib(rtx_thread.o)
    0x08002ba6   0x08002ba6   0x00000002   PAD
    0x08002ba8   0x08002ba8   0x00000044   Code   RO         1423    .text.TimerInsert   RTX_CM4F.lib(rtx_timer.o)
    0x08002bec   0x08002bec   0x00000028   Code   RO         1431    .text.TimerRemove   RTX_CM4F.lib(rtx_timer.o)
    0x08002c14   0x08002c14   0x00000014   Code   RO          660    .text.Uninitialize  phy_lan8742a.o
    0x08002c28   0x08002c28   0x0000004c   Code   RO          690    .text.Uninitialize  emac_stm32f4xx.o
    0x08002c74   0x08002c74   0x00000030   Code   RO          722    .text.__NVIC_ClearPendingIRQ  emac_stm32f4xx.o
    0x08002ca4   0x08002ca4   0x00000038   Code   RO          720    .text.__NVIC_DisableIRQ  emac_stm32f4xx.o
    0x08002cdc   0x08002cdc   0x00000030   Code   RO          724    .text.__NVIC_EnableIRQ  emac_stm32f4xx.o
    0x08002d0c   0x08002d0c   0x000000d0   Code   RO         1949    .text.accept        Net4_CM3_L.lib(net_bsd.o)
    0x08002ddc   0x08002ddc   0x00000238   Code   RO          461    .text.accept_conn   mongoose.o
    0x08003014   0x08003014   0x000000ea   Code   RO          559    .text.addexp        mongoose.o
    0x080030fe   0x080030fe   0x00000018   Code   RO         1943    .text.addr_bsd_to_net  Net4_CM3_L.lib(net_bsd.o)
    0x08003116   0x08003116   0x00000032   Code   RO         1957    .text.addr_net_to_bsd  Net4_CM3_L.lib(net_bsd.o)
    0x08003148   0x08003148   0x00000062   Code   RO         1606    .text.arp_cache_alloc  Net4_CM3_L.lib(net_arp.o)
    0x080031aa   0x080031aa   0x00000034   Code   RO         1604    .text.arp_is_cacheable  Net4_CM3_L.lib(net_arp.o)
    0x080031de   0x080031de   0x000000c6   Code   RO         1596    .text.arp_proc_response  Net4_CM3_L.lib(net_arp.o)
    0x080032a4   0x080032a4   0x00000018   Code   RO         1608    .text.arp_que_free  Net4_CM3_L.lib(net_arp.o)
    0x080032bc   0x080032bc   0x0000006c   Code   RO         1594    .text.arp_send_reply  Net4_CM3_L.lib(net_arp.o)
    0x08003328   0x08003328   0x000000a4   Code   RO         1600    .text.arp_send_request  Net4_CM3_L.lib(net_arp.o)
    0x080033cc   0x080033cc   0x00000068   Code   RO         1590    .text.arp_sender_valid  Net4_CM3_L.lib(net_arp.o)
    0x08003434   0x08003434   0x00000138   Code   RO          107    .text.bcpy          mongoose.o
    0x0800356c   0x0800356c   0x000000d4   Code   RO         1939    .text.bind          Net4_CM3_L.lib(net_bsd.o)
    0x08003640   0x08003640   0x000000f0   Code   RO         1937    .text.bsd_cb_tcp    Net4_CM3_L.lib(net_bsd.o)
    0x08003730   0x08003730   0x00000098   Code   RO         1935    .text.bsd_cb_udp    Net4_CM3_L.lib(net_bsd.o)
    0x080037c8   0x080037c8   0x0000003e   Code   RO         1931    .text.bsd_evt_send  Net4_CM3_L.lib(net_bsd.o)
    0x08003806   0x08003806   0x0000002c   Code   RO         1953    .text.bsd_evt_wait  Net4_CM3_L.lib(net_bsd.o)
    0x08003832   0x08003832   0x0000004c   Code   RO         1977    .text.bsd_kill_socket  Net4_CM3_L.lib(net_bsd.o)
    0x0800387e   0x0800387e   0x00000002   PAD
    0x08003880   0x08003880   0x00000028   Code   RO         2007    .text.bsd_map_socket  Net4_CM3_L.lib(net_bsd.o)
    0x080038a8   0x080038a8   0x00000028   Code   RO         1945    .text.bsd_open_udp  Net4_CM3_L.lib(net_bsd.o)
    0x080038d0   0x080038d0   0x00000120   Code   RO         1981    .text.bsd_select_scan  Net4_CM3_L.lib(net_bsd.o)
    0x080039f0   0x080039f0   0x00000014   Code   RO          595    .text.can_read      mongoose.o
    0x08003a04   0x08003a04   0x00000042   Code   RO          597    .text.can_write     mongoose.o
    0x08003a46   0x08003a46   0x00000002   PAD
    0x08003a48   0x08003a48   0x000000a6   Code   RO            6    .text.clock_init    main.o
    0x08003aee   0x08003aee   0x00000002   PAD
    0x08003af0   0x08003af0   0x00000024   Code   RO          471    .text.close_conn    mongoose.o
    0x08003b14   0x08003b14   0x000000e0   Code   RO         1975    .text.closesocket   Net4_CM3_L.lib(net_bsd.o)
    0x08003bf4   0x08003bf4   0x0000005e   Code   RO          463    .text.connect_conn  mongoose.o
    0x08003c52   0x08003c52   0x00000002   PAD
    0x08003c54   0x08003c54   0x00000030   Code   RO         2439    .text.crc32_8bit    Net4_CM3_L.lib(net_common.o)
    0x08003c84   0x08003c84   0x0000005c   Code   RO          728    .text.crc32_8bit_rev  emac_stm32f4xx.o
    0x08003ce0   0x08003ce0   0x0000003c   Code   RO          726    .text.crc32_data    emac_stm32f4xx.o
    0x08003d1c   0x08003d1c   0x0000001e   Code   RO          585    .text.default_logger  mongoose.o
    0x08003d3a   0x08003d3a   0x00000002   PAD
    0x08003d3c   0x08003d3c   0x00000188   Code   RO          575    .text.deliver_chunked_chunks  mongoose.o
    0x08003ec4   0x08003ec4   0x0000013a   Code   RO          577    .text.deliver_normal_chunks  mongoose.o
    0x08003ffe   0x08003ffe   0x00000002   PAD
    0x08004000   0x08004000   0x00000040   Code   RO         2045    .text.dhcp_client_start  Net4_CM3_L.lib(net_dhcp_client.o)
    0x08004040   0x08004040   0x00000250   Code   RO         2043    .text.dhcp_listener  Net4_CM3_L.lib(net_dhcp_client.o)
    0x08004290   0x08004290   0x00000214   Code   RO         2059    .text.dhcp_send_message  Net4_CM3_L.lib(net_dhcp_client.o)
    0x080044a4   0x080044a4   0x00000020   Code   RO          583    .text.escapeseq     mongoose.o
    0x080044c4   0x080044c4   0x00000018   Code   RO         1117    .text.eth0_callback  net_config.o
    0x080044dc   0x080044dc   0x00000088   Code   RO         1534    .text.eth_check_link  Net4_CM3_L.lib(net_eth.o)
    0x08004564   0x08004564   0x00000018   Code   RO         1542    .text.eth_if_map    Net4_CM3_L.lib(net_eth.o)
    0x0800457c   0x0800457c   0x00000008   Code   RO         1532    .text.eth_lock      Net4_CM3_L.lib(net_eth.o)
    0x08004584   0x08004584   0x00000008   Code   RO         1536    .text.eth_unlock    Net4_CM3_L.lib(net_eth.o)
    0x0800458c   0x0800458c   0x00000096   Code   RO           22    .text.fn            main.o
    0x08004622   0x08004622   0x00000002   PAD
    0x08004624   0x08004624   0x000000de   Code   RO          579    .text.getchunk      mongoose.o
    0x08004702   0x08004702   0x00000002   PAD
    0x08004704   0x08004704   0x00000064   Code   RO         1983    .text.getpeername   Net4_CM3_L.lib(net_bsd.o)
    0x08004768   0x08004768   0x00000050   Code   RO         1985    .text.getsockname   Net4_CM3_L.lib(net_bsd.o)
    0x080047b8   0x080047b8   0x00000064   Code   RO           18    .text.gpio_set_af   main.o
    0x0800481c   0x0800481c   0x0000006c   Code   RO           16    .text.gpio_set_mode  main.o
    0x08004888   0x08004888   0x00000048   Code   RO           24    .text.gpio_toggle   main.o
    0x080048d0   0x080048d0   0x00000026   Code   RO         2469    .text.hex2uc        Net4_CM3_L.lib(net_common.o)
    0x080048f6   0x080048f6   0x00000002   PAD
    0x080048f8   0x080048f8   0x0000012e   Code   RO          281    .text.http_cb       mongoose.o
    0x08004a26   0x08004a26   0x00000002   PAD
    0x08004a28   0x08004a28   0x0000005e   Code   RO          730    .text.init_dma      emac_stm32f4xx.o
    0x08004a86   0x08004a86   0x00000002   PAD
    0x08004a88   0x08004a88   0x0000009c   Code   RO          732    .text.init_rx_desc  emac_stm32f4xx.o
    0x08004b24   0x08004b24   0x00000092   Code   RO          734    .text.init_tx_desc  emac_stm32f4xx.o
    0x08004bb6   0x08004bb6   0x00000002   PAD
    0x08004bb8   0x08004bb8   0x000000b0   Code   RO         1991    .text.ioctlsocket   Net4_CM3_L.lib(net_bsd.o)
    0x08004c68   0x08004c68   0x00000174   Code   RO          443    .text.iolog         mongoose.o
    0x08004ddc   0x08004ddc   0x0000000e   Code   RO         2358    .text.ip4_get_chksum  Net4_CM3_L.lib(net_ip4.o)
    0x08004dea   0x08004dea   0x00000020   Code   RO         2360    .text.ip4_get_mtu   Net4_CM3_L.lib(net_ip4.o)
    0x08004e0a   0x08004e0a   0x00000016   Code   RO         1961    .text.is_addr_unspec  Net4_CM3_L.lib(net_bsd.o)
    0x08004e20   0x08004e20   0x00000018   Code   RO         1941    .text.is_addr_valid  Net4_CM3_L.lib(net_bsd.o)
    0x08004e38   0x08004e38   0x00000028   Code   RO           99    .text.is_digit      mongoose.o
    0x08004e60   0x08004e60   0x00000022   Code   RO         2063    .text.is_selected   Net4_CM3_L.lib(net_dhcp_client.o)
    0x08004e82   0x08004e82   0x00000002   PAD
    0x08004e84   0x08004e84   0x0000003c   Code   RO          195    .text.isok          mongoose.o
    0x08004ec0   0x08004ec0   0x00000062   Code   RO          581    .text.json_esc      mongoose.o
    0x08004f22   0x08004f22   0x00000002   PAD
    0x08004f24   0x08004f24   0x00000024   Code   RO         1951    .text.list_get_first  Net4_CM3_L.lib(net_bsd.o)
    0x08004f48   0x08004f48   0x0000012c   Code   RO         1947    .text.listen        Net4_CM3_L.lib(net_bsd.o)
    0x08005074   0x08005074   0x00000026   Code   RO          321    .text.logc          mongoose.o
    0x0800509a   0x0800509a   0x00000002   PAD
    0x0800509c   0x0800509c   0x00000030   Code   RO          319    .text.logs          mongoose.o
    0x080050cc   0x080050cc   0x00000064   Code   RO            4    .text.main          main.o
    0x08005130   0x08005130   0x00000008   Code   RO         2398    .text.mem_lock      Net4_CM3_L.lib(net_mem.o)
    0x08005138   0x08005138   0x0000000c   Code   RO         2400    .text.mem_unlock    Net4_CM3_L.lib(net_mem.o)
    0x08005144   0x08005144   0x00000042   Code   RO          377    .text.mg_alloc_conn  mongoose.o
    0x08005186   0x08005186   0x00000002   PAD
    0x08005188   0x08005188   0x000003a0   Code   RO          297    .text.mg_atod       mongoose.o
    0x08005528   0x08005528   0x0000005e   Code   RO           67    .text.mg_aton       mongoose.o
    0x08005586   0x08005586   0x00000002   PAD
    0x08005588   0x08005588   0x000000f2   Code   RO          373    .text.mg_aton4      mongoose.o
    0x0800567a   0x0800567a   0x00000002   PAD
    0x0800567c   0x0800567c   0x000001da   Code   RO          375    .text.mg_aton6      mongoose.o
    0x08005856   0x08005856   0x00000002   PAD
    0x08005858   0x08005858   0x00000030   Code   RO          369    .text.mg_atone      mongoose.o
    0x08005888   0x08005888   0x00000048   Code   RO          371    .text.mg_atonl      mongoose.o
    0x080058d0   0x080058d0   0x0000003e   Code   RO           73    .text.mg_call       mongoose.o
    0x0800590e   0x0800590e   0x00000002   PAD
    0x08005910   0x08005910   0x000000c8   Code   RO          379    .text.mg_close_conn  mongoose.o
    0x080059d8   0x080059d8   0x0000003c   Code   RO           51    .text.mg_dns_free   mongoose.o
    0x08005a14   0x08005a14   0x00000004   PAD
    0x08005a18   0x08005a18   0x00000768   Code   RO          101    .text.mg_dtoa       mongoose.o
    0x08006180   0x08006180   0x00000078   Code   RO           75    .text.mg_error      mongoose.o
    0x080061f8   0x080061f8   0x00000094   Code   RO          563    .text.mg_esc        mongoose.o
    0x0800628c   0x0800628c   0x00000012   Code   RO          561    .text.mg_escape     mongoose.o
    0x0800629e   0x0800629e   0x00000002   PAD
    0x080062a0   0x080062a0   0x0000014a   Code   RO          323    .text.mg_hexdump    mongoose.o
    0x080063ea   0x080063ea   0x00000002   PAD
    0x080063ec   0x080063ec   0x00000094   Code   RO          197    .text.mg_http_get_header  mongoose.o
    0x08006480   0x08006480   0x000000a2   Code   RO          193    .text.mg_http_get_request_len  mongoose.o
    0x08006522   0x08006522   0x00000002   PAD
    0x08006524   0x08006524   0x00000034   Code   RO          269    .text.mg_http_listen  mongoose.o
    0x08006558   0x08006558   0x00000030   Code   RO          253    .text.mg_http_match_uri  mongoose.o
    0x08006588   0x08006588   0x000001f0   Code   RO          199    .text.mg_http_parse  mongoose.o
    0x08006778   0x08006778   0x000000d2   Code   RO          203    .text.mg_http_parse_headers  mongoose.o
    0x0800684a   0x0800684a   0x00000002   PAD
    0x0800684c   0x0800684c   0x000000c2   Code   RO          219    .text.mg_http_reply  mongoose.o
    0x0800690e   0x0800690e   0x00000002   PAD
    0x08006910   0x08006910   0x00000160   Code   RO          221    .text.mg_http_status_code_str  mongoose.o
    0x08006a70   0x08006a70   0x000000ce   Code   RO          447    .text.mg_io_recv    mongoose.o
    0x08006b3e   0x08006b3e   0x00000002   PAD
    0x08006b40   0x08006b40   0x000000d0   Code   RO          433    .text.mg_io_send    mongoose.o
    0x08006c10   0x08006c10   0x00000088   Code   RO          263    .text.mg_iobuf_del  mongoose.o
    0x08006c98   0x08006c98   0x00000012   Code   RO          293    .text.mg_iobuf_free  mongoose.o
    0x08006caa   0x08006caa   0x00000002   PAD
    0x08006cac   0x08006cac   0x00000104   Code   RO          179    .text.mg_iobuf_resize  mongoose.o
    0x08006db0   0x08006db0   0x0000032a   Code   RO          457    .text.mg_iotest     mongoose.o
    0x080070da   0x080070da   0x00000002   PAD
    0x080070dc   0x080070dc   0x00000046   Code   RO          573    .text.mg_is_chunked  mongoose.o
    0x08007122   0x08007122   0x00000002   PAD
    0x08007124   0x08007124   0x000006c2   Code   RO          295    .text.mg_json_get   mongoose.o
    0x080077e6   0x080077e6   0x00000002   PAD
    0x080077e8   0x080077e8   0x00000036   Code   RO          313    .text.mg_json_get_long  mongoose.o
    0x0800781e   0x0800781e   0x00000002   PAD
    0x08007820   0x08007820   0x00000076   Code   RO          301    .text.mg_json_get_num  mongoose.o
    0x08007896   0x08007896   0x00000002   PAD
    0x08007898   0x08007898   0x00000144   Code   RO          283    .text.mg_listen     mongoose.o
    0x080079dc   0x080079dc   0x00000172   Code   RO          103    .text.mg_lld        mongoose.o
    0x08007b4e   0x08007b4e   0x00000002   PAD
    0x08007b50   0x08007b50   0x0000003e   Code   RO           81    .text.mg_log        mongoose.o
    0x08007b8e   0x08007b8e   0x00000002   PAD
    0x08007b90   0x08007b90   0x000000e0   Code   RO           79    .text.mg_log_prefix  mongoose.o
    0x08007c70   0x08007c70   0x00000048   Code   RO          317    .text.mg_log_set    mongoose.o
    0x08007cb8   0x08007cb8   0x00000022   Code   RO          315    .text.mg_log_set_fn  mongoose.o
    0x08007cda   0x08007cda   0x00000002   PAD
    0x08007cdc   0x08007cdc   0x00000028   Code   RO          473    .text.mg_lower      mongoose.o
    0x08007d04   0x08007d04   0x000001ec   Code   RO          255    .text.mg_match      mongoose.o
    0x08007ef0   0x08007ef0   0x0000003a   Code   RO          267    .text.mg_mgr_init   mongoose.o
    0x08007f2a   0x08007f2a   0x00000002   PAD
    0x08007f2c   0x08007f2c   0x00000276   Code   RO          273    .text.mg_mgr_poll   mongoose.o
    0x080081a2   0x080081a2   0x00000002   PAD
    0x080081a4   0x080081a4   0x0000000a   Code   RO            2    .text.mg_millis     main.o
    0x080081ae   0x080081ae   0x00000002   PAD
    0x080081b0   0x080081b0   0x00000070   Code   RO          171    .text.mg_ncasecmp   mongoose.o
    0x08008220   0x08008220   0x000000ec   Code   RO          367    .text.mg_ntoa       mongoose.o
    0x0800830c   0x0800830c   0x00000014   Code   RO          427    .text.mg_ntohl      mongoose.o
    0x08008320   0x08008320   0x00000020   Code   RO           59    .text.mg_ntohs      mongoose.o
    0x08008340   0x08008340   0x000001de   Code   RO          383    .text.mg_open_listener  mongoose.o
    0x0800851e   0x0800851e   0x00000002   PAD
    0x08008520   0x08008520   0x0000008a   Code   RO          299    .text.mg_pass_string  mongoose.o
    0x080085aa   0x080085aa   0x00000002   PAD
    0x080085ac   0x080085ac   0x0000001a   Code   RO           83    .text.mg_pfn_iobuf  mongoose.o
    0x080085c6   0x080085c6   0x00000002   PAD
    0x080085c8   0x080085c8   0x0000008a   Code   RO           85    .text.mg_pfn_iobuf_private  mongoose.o
    0x08008652   0x08008652   0x00000002   PAD
    0x08008654   0x08008654   0x0000002e   Code   RO          215    .text.mg_printf     mongoose.o
    0x08008682   0x08008682   0x00000002   PAD
    0x08008684   0x08008684   0x0000001a   Code   RO           89    .text.mg_putchar_iobuf_static  mongoose.o
    0x0800869e   0x0800869e   0x00000002   PAD
    0x080086a0   0x080086a0   0x0000003e   Code   RO           49    .text.mg_resolve_cancel  mongoose.o
    0x080086de   0x080086de   0x00000002   PAD
    0x080086e0   0x080086e0   0x00000016   Code   RO          445    .text.mg_set_non_blocking_mode  mongoose.o
    0x080086f6   0x080086f6   0x00000002   PAD
    0x080086f8   0x080086f8   0x0000002c   Code   RO           91    .text.mg_snprintf   mongoose.o
    0x08008724   0x08008724   0x00000030   Code   RO          441    .text.mg_sock_conn_reset  mongoose.o
    0x08008754   0x08008754   0x00000048   Code   RO          439    .text.mg_sock_would_block  mongoose.o
    0x0800879c   0x0800879c   0x00000018   Code   RO          169    .text.mg_str_n      mongoose.o
    0x080087b4   0x080087b4   0x0000002e   Code   RO          177    .text.mg_str_s      mongoose.o
    0x080087e2   0x080087e2   0x00000002   PAD
    0x080087e4   0x080087e4   0x00000064   Code   RO          365    .text.mg_straddr    mongoose.o
    0x08008848   0x08008848   0x000000d0   Code   RO          501    .text.mg_timer_expired  mongoose.o
    0x08008918   0x08008918   0x000000ca   Code   RO          459    .text.mg_timer_poll  mongoose.o
    0x080089e2   0x080089e2   0x00000002   PAD
    0x080089e4   0x080089e4   0x00000008   Code   RO          381    .text.mg_tls_free   mongoose.o
    0x080089ec   0x080089ec   0x00000008   Code   RO          465    .text.mg_tls_handshake  mongoose.o
    0x080089f4   0x080089f4   0x0000000a   Code   RO          509    .text.mg_tls_pending  mongoose.o
    0x080089fe   0x080089fe   0x00000002   PAD
    0x08008a00   0x08008a00   0x00000034   Code   RO          505    .text.mg_tls_recv   mongoose.o
    0x08008a34   0x08008a34   0x00000034   Code   RO          507    .text.mg_tls_send   mongoose.o
    0x08008a68   0x08008a68   0x00000144   Code   RO          205    .text.mg_to64       mongoose.o
    0x08008bac   0x08008bac   0x00000060   Code   RO          493    .text.mg_unhex_nimble  mongoose.o
    0x08008c0c   0x08008c0c   0x00000044   Code   RO          491    .text.mg_unhexn     mongoose.o
    0x08008c50   0x08008c50   0x00000058   Code   RO           63    .text.mg_url_host   mongoose.o
    0x08008ca8   0x08008ca8   0x000000d0   Code   RO           65    .text.mg_url_port   mongoose.o
    0x08008d78   0x08008d78   0x000000cc   Code   RO          587    .text.mg_v4mapped   mongoose.o
    0x08008e44   0x08008e44   0x0000005e   Code   RO          207    .text.mg_vcasecmp   mongoose.o
    0x08008ea2   0x08008ea2   0x00000002   PAD
    0x08008ea4   0x08008ea4   0x00000032   Code   RO          363    .text.mg_vprintf    mongoose.o
    0x08008ed6   0x08008ed6   0x00000002   PAD
    0x08008ed8   0x08008ed8   0x00000048   Code   RO           77    .text.mg_vsnprintf  mongoose.o
    0x08008f20   0x08008f20   0x00000872   Code   RO           87    .text.mg_vxprintf   mongoose.o
    0x08009792   0x08009792   0x00000002   PAD
    0x08009794   0x08009794   0x0000005c   Code   RO         1077    .text.ms2tick       net_config.o
    0x080097f0   0x080097f0   0x00000066   Code   RO           12    .text.mytask        main.o
    0x08009856   0x08009856   0x00000002   PAD
    0x08009858   0x08009858   0x00000140   Code   RO         2097    .text.nbns_listener  Net4_CM3_L.lib(net_nbns_client.o)
    0x08009998   0x08009998   0x000000b8   Code   RO         2140    .text.netCore_Thread  Net4_CM3_L.lib(net_sys.o)
    0x08009a50   0x08009a50   0x00000002   Code   RO         2057    .text.netDHCP_Notify  Net4_CM3_L.lib(net_dhcp_client.o)
    0x08009a52   0x08009a52   0x00000002   Code   RO         1560    .text.netETH_Notify  Net4_CM3_L.lib(net_eth.o)
    0x08009a54   0x08009a54   0x00000002   Code   RO         1562    .text.netETH_ReceiveRaw  Net4_CM3_L.lib(net_eth.o)
    0x08009a56   0x08009a56   0x000000e0   Code   RO         1530    .text.netETH_Thread  Net4_CM3_L.lib(net_eth.o)
    0x08009b36   0x08009b36   0x00000002   PAD
    0x08009b38   0x08009b38   0x00000070   Code   RO         2132    .text.netInitialize  Net4_CM3_L.lib(net_sys.o)
    0x08009ba8   0x08009ba8   0x00000062   Code   RO         2486    .text.netMAC_aton   Net4_CM3_L.lib(net_addr.o)
    0x08009c0a   0x08009c0a   0x0000006c   Code   RO         2482    .text.net_addr4_aton  Net4_CM3_L.lib(net_addr.o)
    0x08009c76   0x08009c76   0x0000001a   Code   RO         2502    .text.net_addr4_to_mac  Net4_CM3_L.lib(net_addr.o)
    0x08009c90   0x08009c90   0x0000001a   Code   RO         2508    .text.net_addr_comp  Net4_CM3_L.lib(net_addr.o)
    0x08009caa   0x08009caa   0x00000014   Code   RO         2506    .text.net_addr_copy  Net4_CM3_L.lib(net_addr.o)
    0x08009cbe   0x08009cbe   0x0000000e   Code   RO         2510    .text.net_addr_find_route  Net4_CM3_L.lib(net_addr.o)
    0x08009ccc   0x08009ccc   0x00000014   Code   RO         2512    .text.net_addr_get_local  Net4_CM3_L.lib(net_addr.o)
    0x08009ce0   0x08009ce0   0x00000014   Code   RO         2504    .text.net_addr_is_unspec  Net4_CM3_L.lib(net_addr.o)
    0x08009cf4   0x08009cf4   0x0000008e   Code   RO         1592    .text.net_arp_cache_add  Net4_CM3_L.lib(net_arp.o)
    0x08009d82   0x08009d82   0x00000078   Code   RO         1610    .text.net_arp_cache_early  Net4_CM3_L.lib(net_arp.o)
    0x08009dfa   0x08009dfa   0x00000002   PAD
    0x08009dfc   0x08009dfc   0x0000007c   Code   RO         1612    .text.net_arp_cache_find  Net4_CM3_L.lib(net_arp.o)
    0x08009e78   0x08009e78   0x00000030   Code   RO         1584    .text.net_arp_cache_init  Net4_CM3_L.lib(net_arp.o)
    0x08009ea8   0x08009ea8   0x00000160   Code   RO         1634    .text.net_arp_cache_run  Net4_CM3_L.lib(net_arp.o)
    0x0800a008   0x0800a008   0x0000006a   Code   RO         1632    .text.net_arp_enqueue  Net4_CM3_L.lib(net_arp.o)
    0x0800a072   0x0800a072   0x0000001e   Code   RO         1602    .text.net_arp_notify  Net4_CM3_L.lib(net_arp.o)
    0x0800a090   0x0800a090   0x00000012   Code   RO         1598    .text.net_arp_probe  Net4_CM3_L.lib(net_arp.o)
    0x0800a0a2   0x0800a0a2   0x00000002   PAD
    0x0800a0a4   0x0800a0a4   0x0000017a   Code   RO         1588    .text.net_arp_process  Net4_CM3_L.lib(net_arp.o)
    0x0800a21e   0x0800a21e   0x00000044   Code   RO         2465    .text.net_atoi      Net4_CM3_L.lib(net_common.o)
    0x0800a262   0x0800a262   0x00000002   Code   RO         2005    .text.net_bsd_notify  Net4_CM3_L.lib(net_bsd.o)
    0x0800a264   0x0800a264   0x00000014   Code   RO         1927    .text.net_bsd_socket_init  Net4_CM3_L.lib(net_bsd.o)
    0x0800a278   0x0800a278   0x000000a4   Code   RO         1993    .text.net_bsd_socket_run  Net4_CM3_L.lib(net_bsd.o)
    0x0800a31c   0x0800a31c   0x00000030   Code   RO         2443    .text.net_chksum_buf  Net4_CM3_L.lib(net_common.o)
    0x0800a34c   0x0800a34c   0x0000001c   Code   RO         2441    .text.net_crc_buf   Net4_CM3_L.lib(net_common.o)
    0x0800a368   0x0800a368   0x00000054   Code   RO         2041    .text.net_dhcp_client_init  Net4_CM3_L.lib(net_dhcp_client.o)
    0x0800a3bc   0x0800a3bc   0x00000230   Code   RO         2055    .text.net_dhcp_client_run  Net4_CM3_L.lib(net_dhcp_client.o)
    0x0800a5ec   0x0800a5ec   0x0000000e   Code   RO         1538    .text.net_eth_callback  Net4_CM3_L.lib(net_eth.o)
    0x0800a5fa   0x0800a5fa   0x0000004c   Code   RO         1550    .text.net_eth_config_mcast  Net4_CM3_L.lib(net_eth.o)
    0x0800a646   0x0800a646   0x00000002   PAD
    0x0800a648   0x0800a648   0x00000224   Code   RO         1526    .text.net_eth_iface_init  Net4_CM3_L.lib(net_eth.o)
    0x0800a86c   0x0800a86c   0x00000208   Code   RO         1558    .text.net_eth_iface_run  Net4_CM3_L.lib(net_eth.o)
    0x0800aa74   0x0800aa74   0x0000009e   Code   RO         1554    .text.net_eth_output  Net4_CM3_L.lib(net_eth.o)
    0x0800ab12   0x0800ab12   0x00000002   PAD
    0x0800ab14   0x0800ab14   0x000000bc   Code   RO         1552    .text.net_eth_send_frame  Net4_CM3_L.lib(net_eth.o)
    0x0800abd0   0x0800abd0   0x00000018   Code   RO         1694    .text.net_icmp_init  Net4_CM3_L.lib(net_icmp.o)
    0x0800abe8   0x0800abe8   0x000000f8   Code   RO         1698    .text.net_icmp_process  Net4_CM3_L.lib(net_icmp.o)
    0x0800ace0   0x0800ace0   0x00000084   Code   RO         1700    .text.net_icmp_send_echo  Net4_CM3_L.lib(net_icmp.o)
    0x0800ad64   0x0800ad64   0x0000000c   Code   RO         2162    .text.net_if_map_lan  Net4_CM3_L.lib(net_sys.o)
    0x0800ad70   0x0800ad70   0x0000000c   Code   RO         1109    .text.net_igmp_collect_mcast  net_config.o
    0x0800ad7c   0x0800ad7c   0x0000000c   Code   RO         1107    .text.net_igmp_is_member  net_config.o
    0x0800ad88   0x0800ad88   0x0000000a   Code   RO         1111    .text.net_igmp_process  net_config.o
    0x0800ad92   0x0800ad92   0x00000002   PAD
    0x0800ad94   0x0800ad94   0x00000104   Code   RO         2354    .text.net_ip4_chk_frame  Net4_CM3_L.lib(net_ip4.o)
    0x0800ae98   0x0800ae98   0x0000002e   Code   RO         2380    .text.net_ip4_chksum  Net4_CM3_L.lib(net_ip4.o)
    0x0800aec6   0x0800aec6   0x00000006   Code   RO         2378    .text.net_ip4_chksum_buf  Net4_CM3_L.lib(net_ip4.o)
    0x0800aecc   0x0800aecc   0x0000007c   Code   RO         2374    .text.net_ip4_find_route  Net4_CM3_L.lib(net_ip4.o)
    0x0800af48   0x0800af48   0x000001b8   Code   RO         1673    .text.net_ip4_frag_add  Net4_CM3_L.lib(net_ip4_frag.o)
    0x0800b100   0x0800b100   0x000000b4   Code   RO         1677    .text.net_ip4_frag_get  Net4_CM3_L.lib(net_ip4_frag.o)
    0x0800b1b4   0x0800b1b4   0x0000000c   Code   RO         1669    .text.net_ip4_frag_init  Net4_CM3_L.lib(net_ip4_frag.o)
    0x0800b1c0   0x0800b1c0   0x00000038   Code   RO         1679    .text.net_ip4_frag_run  Net4_CM3_L.lib(net_ip4_frag.o)
    0x0800b1f8   0x0800b1f8   0x0000001c   Code   RO         2366    .text.net_ip4_get_local  Net4_CM3_L.lib(net_ip4.o)
    0x0800b214   0x0800b214   0x00000018   Code   RO         2350    .text.net_ip4_init  Net4_CM3_L.lib(net_ip4.o)
    0x0800b22c   0x0800b22c   0x0000001a   Code   RO         2376    .text.net_ip4_is_onlink  Net4_CM3_L.lib(net_ip4.o)
    0x0800b246   0x0800b246   0x00000020   Code   RO         2356    .text.net_ip4_is_subcast  Net4_CM3_L.lib(net_ip4.o)
    0x0800b266   0x0800b266   0x00000010   Code   RO         2362    .text.net_ip4_reass_frame  Net4_CM3_L.lib(net_ip4.o)
    0x0800b276   0x0800b276   0x00000002   PAD
    0x0800b278   0x0800b278   0x00000140   Code   RO         2364    .text.net_ip4_send_frame  Net4_CM3_L.lib(net_ip4.o)
    0x0800b3b8   0x0800b3b8   0x00000032   Code   RO         2372    .text.net_ip4_tx_offl_hl  Net4_CM3_L.lib(net_ip4.o)
    0x0800b3ea   0x0800b3ea   0x00000002   PAD
    0x0800b3ec   0x0800b3ec   0x00000014   Code   RO         1653    .text.net_loop_iface_init  Net4_CM3_L.lib(net_loopback.o)
    0x0800b400   0x0800b400   0x0000006c   Code   RO         1657    .text.net_loop_iface_run  Net4_CM3_L.lib(net_loopback.o)
    0x0800b46c   0x0800b46c   0x00000050   Code   RO         1651    .text.net_loop_send_frame  Net4_CM3_L.lib(net_loopback.o)
    0x0800b4bc   0x0800b4bc   0x00000088   Code   RO         2396    .text.net_mem_alloc  Net4_CM3_L.lib(net_mem.o)
    0x0800b544   0x0800b544   0x00000014   Code   RO         2406    .text.net_mem_avail  Net4_CM3_L.lib(net_mem.o)
    0x0800b558   0x0800b558   0x00000074   Code   RO         2404    .text.net_mem_free  Net4_CM3_L.lib(net_mem.o)
    0x0800b5cc   0x0800b5cc   0x00000050   Code   RO         2392    .text.net_mem_init  Net4_CM3_L.lib(net_mem.o)
    0x0800b61c   0x0800b61c   0x0000003c   Code   RO         2402    .text.net_mem_shrink  Net4_CM3_L.lib(net_mem.o)
    0x0800b658   0x0800b658   0x00000030   Code   RO         2095    .text.net_nbns_client_init  Net4_CM3_L.lib(net_nbns_client.o)
    0x0800b688   0x0800b688   0x0000000c   Code   RO         2114    .text.net_ping_client_init  Net4_CM3_L.lib(net_ping_core.o)
    0x0800b694   0x0800b694   0x00000044   Code   RO         2120    .text.net_ping_client_run  Net4_CM3_L.lib(net_ping_core.o)
    0x0800b6d8   0x0800b6d8   0x00000018   Code   RO         2158    .text.net_rand32    Net4_CM3_L.lib(net_sys.o)
    0x0800b6f0   0x0800b6f0   0x00000010   Code   RO         2421    .text.net_strcpy    Net4_CM3_L.lib(net_common.o)
    0x0800b700   0x0800b700   0x0000001e   Code   RO         2431    .text.net_strtoupper  Net4_CM3_L.lib(net_common.o)
    0x0800b71e   0x0800b71e   0x00000002   PAD
    0x0800b720   0x0800b720   0x00000032   Code   RO         1115    .text.net_sys_error  net_config.o
    0x0800b752   0x0800b752   0x00000002   PAD
    0x0800b754   0x0800b754   0x00000008   Code   RO         2134    .text.net_sys_lock  Net4_CM3_L.lib(net_sys.o)
    0x0800b75c   0x0800b75c   0x00000014   Code   RO         2168    .text.net_sys_resume  Net4_CM3_L.lib(net_sys.o)
    0x0800b770   0x0800b770   0x00000026   Code   RO         2166    .text.net_sys_suspend  Net4_CM3_L.lib(net_sys.o)
    0x0800b796   0x0800b796   0x00000002   PAD
    0x0800b798   0x0800b798   0x00000014   Code   RO         2142    .text.net_sys_tick  Net4_CM3_L.lib(net_sys.o)
    0x0800b7ac   0x0800b7ac   0x00000008   Code   RO         2136    .text.net_sys_unlock  Net4_CM3_L.lib(net_sys.o)
    0x0800b7b4   0x0800b7b4   0x0000001a   Code   RO         2170    .text.net_sys_wait  Net4_CM3_L.lib(net_sys.o)
    0x0800b7ce   0x0800b7ce   0x00000002   PAD
    0x0800b7d0   0x0800b7d0   0x00000020   Code   RO         2144    .text.net_sys_wakeup  Net4_CM3_L.lib(net_sys.o)
    0x0800b7f0   0x0800b7f0   0x00000050   Code   RO         1802    .text.net_tcp_abort  Net4_CM3_L.lib(net_tcp.o)
    0x0800b840   0x0800b840   0x00000054   Code   RO         1848    .text.net_tcp_alloc_port  Net4_CM3_L.lib(net_tcp.o)
    0x0800b894   0x0800b894   0x00000030   Code   RO         1814    .text.net_tcp_check_send  Net4_CM3_L.lib(net_tcp.o)
    0x0800b8c4   0x0800b8c4   0x00000098   Code   RO         1798    .text.net_tcp_close  Net4_CM3_L.lib(net_tcp.o)
    0x0800b95c   0x0800b95c   0x00000038   Code   RO         1860    .text.net_tcp_ctrl_opt  Net4_CM3_L.lib(net_tcp.o)
    0x0800b994   0x0800b994   0x00000026   Code   RO         1810    .text.net_tcp_get_buf  Net4_CM3_L.lib(net_tcp.o)
    0x0800b9ba   0x0800b9ba   0x00000002   PAD
    0x0800b9bc   0x0800b9bc   0x0000001c   Code   RO         1806    .text.net_tcp_get_mss  Net4_CM3_L.lib(net_tcp.o)
    0x0800b9d8   0x0800b9d8   0x00000044   Code   RO         1782    .text.net_tcp_get_socket  Net4_CM3_L.lib(net_tcp.o)
    0x0800ba1c   0x0800ba1c   0x00000024   Code   RO         1822    .text.net_tcp_get_state  Net4_CM3_L.lib(net_tcp.o)
    0x0800ba40   0x0800ba40   0x0000006c   Code   RO         1790    .text.net_tcp_listen  Net4_CM3_L.lib(net_tcp.o)
    0x0800baac   0x0800baac   0x000007c8   Code   RO         1876    .text.net_tcp_process  Net4_CM3_L.lib(net_tcp.o)
    0x0800c274   0x0800c274   0x00000034   Code   RO         1786    .text.net_tcp_release_socket  Net4_CM3_L.lib(net_tcp.o)
    0x0800c2a8   0x0800c2a8   0x00000050   Code   RO         1826    .text.net_tcp_reset_window  Net4_CM3_L.lib(net_tcp.o)
    0x0800c2f8   0x0800c2f8   0x00000100   Code   RO         1818    .text.net_tcp_send  Net4_CM3_L.lib(net_tcp.o)
    0x0800c3f8   0x0800c3f8   0x0000009c   Code   RO         1830    .text.net_tcp_set_option  Net4_CM3_L.lib(net_tcp.o)
    0x0800c494   0x0800c494   0x00000010   Code   RO         1844    .text.net_tcp_socket_init  Net4_CM3_L.lib(net_tcp.o)
    0x0800c4a4   0x0800c4a4   0x00000304   Code   RO         1868    .text.net_tcp_socket_run  Net4_CM3_L.lib(net_tcp.o)
    0x0800c7a8   0x0800c7a8   0x00000020   Code   RO         1730    .text.net_udp_close  Net4_CM3_L.lib(net_udp.o)
    0x0800c7c8   0x0800c7c8   0x00000020   Code   RO         1762    .text.net_udp_enable_lla  Net4_CM3_L.lib(net_udp.o)
    0x0800c7e8   0x0800c7e8   0x00000026   Code   RO         1734    .text.net_udp_get_buf  Net4_CM3_L.lib(net_udp.o)
    0x0800c80e   0x0800c80e   0x00000002   PAD
    0x0800c810   0x0800c810   0x00000024   Code   RO         1746    .text.net_udp_get_local_port  Net4_CM3_L.lib(net_udp.o)
    0x0800c834   0x0800c834   0x00000044   Code   RO         1718    .text.net_udp_get_socket  Net4_CM3_L.lib(net_udp.o)
    0x0800c878   0x0800c878   0x00000074   Code   RO         1726    .text.net_udp_open  Net4_CM3_L.lib(net_udp.o)
    0x0800c8ec   0x0800c8ec   0x000000e4   Code   RO         1764    .text.net_udp_process  Net4_CM3_L.lib(net_udp.o)
    0x0800c9d0   0x0800c9d0   0x00000030   Code   RO         1722    .text.net_udp_release_socket  Net4_CM3_L.lib(net_udp.o)
    0x0800ca00   0x0800ca00   0x00000014   Code   RO         1758    .text.net_udp_send  Net4_CM3_L.lib(net_udp.o)
    0x0800ca14   0x0800ca14   0x00000194   Code   RO         1738    .text.net_udp_send_if  Net4_CM3_L.lib(net_udp.o)
    0x0800cba8   0x0800cba8   0x00000070   Code   RO         1742    .text.net_udp_set_option  Net4_CM3_L.lib(net_udp.o)
    0x0800cc18   0x0800cc18   0x00000010   Code   RO         1748    .text.net_udp_socket_init  Net4_CM3_L.lib(net_udp.o)
    0x0800cc28   0x0800cc28   0x0000001a   Code   RO         2467    .text.net_xtouc     Net4_CM3_L.lib(net_common.o)
    0x0800cc42   0x0800cc42   0x00000002   PAD
    0x0800cc44   0x0800cc44   0x00000052   Code   RO         1095    .text.netif_create  net_config.o
    0x0800cc96   0x0800cc96   0x00000002   PAD
    0x0800cc98   0x0800cc98   0x00000014   Code   RO         1099    .text.netif_lock    net_config.o
    0x0800ccac   0x0800ccac   0x00000010   Code   RO         1101    .text.netif_unlock  net_config.o
    0x0800ccbc   0x0800ccbc   0x00000014   Code   RO         1093    .text.netos_delay   net_config.o
    0x0800ccd0   0x0800ccd0   0x00000012   Code   RO         1091    .text.netos_flag_clear  net_config.o
    0x0800cce2   0x0800cce2   0x00000002   PAD
    0x0800cce4   0x0800cce4   0x00000014   Code   RO         1089    .text.netos_flag_set  net_config.o
    0x0800ccf8   0x0800ccf8   0x00000020   Code   RO         1087    .text.netos_flag_wait  net_config.o
    0x0800cd18   0x0800cd18   0x00000022   Code   RO         1061    .text.netos_init    net_config.o
    0x0800cd3a   0x0800cd3a   0x00000002   PAD
    0x0800cd3c   0x0800cd3c   0x00000014   Code   RO         1083    .text.netos_lock    net_config.o
    0x0800cd50   0x0800cd50   0x00000036   Code   RO         1079    .text.netos_mutex_create  net_config.o
    0x0800cd86   0x0800cd86   0x00000002   PAD
    0x0800cd88   0x0800cd88   0x0000001a   Code   RO         1063    .text.netos_thread_create  net_config.o
    0x0800cda2   0x0800cda2   0x00000002   PAD
    0x0800cda4   0x0800cda4   0x00000008   Code   RO         1067    .text.netos_thread_id  net_config.o
    0x0800cdac   0x0800cdac   0x00000008   Code   RO         1069    .text.netos_thread_pass  net_config.o
    0x0800cdb4   0x0800cdb4   0x0000001c   Code   RO         1071    .text.netos_timer_create  net_config.o
    0x0800cdd0   0x0800cdd0   0x0000001e   Code   RO         1075    .text.netos_timer_start  net_config.o
    0x0800cdee   0x0800cdee   0x00000002   PAD
    0x0800cdf0   0x0800cdf0   0x00000010   Code   RO         1085    .text.netos_unlock  net_config.o
    0x0800ce00   0x0800ce00   0x00000024   Code   RO          325    .text.nibble        mongoose.o
    0x0800ce24   0x0800ce24   0x00000024   Code   RO         1389    .text.osDelay       RTX_CM4F.lib(rtx_delay.o)
    0x0800ce48   0x0800ce48   0x00000028   Code   RO         1199    .text.osKernelGetTickCount  RTX_CM4F.lib(rtx_kernel.o)
    0x0800ce70   0x0800ce70   0x00000028   Code   RO         1203    .text.osKernelGetTickFreq  RTX_CM4F.lib(rtx_kernel.o)
    0x0800ce98   0x0800ce98   0x0000002c   Code   RO         1177    .text.osKernelInitialize  RTX_CM4F.lib(rtx_kernel.o)
    0x0800cec4   0x0800cec4   0x00000024   Code   RO         1187    .text.osKernelStart  RTX_CM4F.lib(rtx_kernel.o)
    0x0800cee8   0x0800cee8   0x00000070   Code   RO         2257    .text.osMessageQueueGet  RTX_CM4F.lib(rtx_msgqueue.o)
    0x0800cf58   0x0800cf58   0x00000080   Code   RO         2255    .text.osMessageQueuePut  RTX_CM4F.lib(rtx_msgqueue.o)
    0x0800cfd8   0x0800cfd8   0x00000024   Code   RO         1455    .text.osMutexAcquire  RTX_CM4F.lib(rtx_mutex.o)
    0x0800cffc   0x0800cffc   0x00000024   Code   RO         1451    .text.osMutexNew    RTX_CM4F.lib(rtx_mutex.o)
    0x0800d020   0x0800d020   0x00000024   Code   RO         1457    .text.osMutexRelease  RTX_CM4F.lib(rtx_mutex.o)
    0x0800d044   0x0800d044   0x0000002e   Code   RO          647    .text.osRtxErrorNotify  rtx_config.o
    0x0800d072   0x0800d072   0x00000002   PAD
    0x0800d074   0x0800d074   0x00000008   Code   RO          645    .text.osRtxIdleThread  rtx_config.o
    0x0800d07c   0x0800d07c   0x00000004   Code   RO         1175    .text.osRtxKernelErrorNotify  RTX_CM4F.lib(rtx_kernel.o)
    0x0800d080   0x0800d080   0x00000002   Code   RO         1173    .text.osRtxKernelPreInit  RTX_CM4F.lib(rtx_kernel.o)
    0x0800d082   0x0800d082   0x0000006c   Code   RO         2183    .text.osRtxMemoryAlloc  RTX_CM4F.lib(rtx_memory.o)
    0x0800d0ee   0x0800d0ee   0x00000042   Code   RO         2185    .text.osRtxMemoryFree  RTX_CM4F.lib(rtx_memory.o)
    0x0800d130   0x0800d130   0x00000036   Code   RO         2181    .text.osRtxMemoryInit  RTX_CM4F.lib(rtx_memory.o)
    0x0800d166   0x0800d166   0x0000003a   Code   RO         2197    .text.osRtxMemoryPoolAlloc  RTX_CM4F.lib(rtx_mempool.o)
    0x0800d1a0   0x0800d1a0   0x0000004a   Code   RO         2199    .text.osRtxMemoryPoolFree  RTX_CM4F.lib(rtx_mempool.o)
    0x0800d1ea   0x0800d1ea   0x00000038   Code   RO         2195    .text.osRtxMemoryPoolInit  RTX_CM4F.lib(rtx_mempool.o)
    0x0800d222   0x0800d222   0x000000aa   Code   RO         2279    .text.osRtxMessageQueuePostProcess  RTX_CM4F.lib(rtx_msgqueue.o)
    0x0800d2cc   0x0800d2cc   0x00000024   Code   RO         2247    .text.osRtxMessageQueueTimerSetup  RTX_CM4F.lib(rtx_msgqueue.o)
    0x0800d2f0   0x0800d2f0   0x00000048   Code   RO         1447    .text.osRtxMutexOwnerRelease  RTX_CM4F.lib(rtx_mutex.o)
    0x0800d338   0x0800d338   0x00000048   Code   RO         1449    .text.osRtxMutexOwnerRestore  RTX_CM4F.lib(rtx_mutex.o)
    0x0800d380   0x0800d380   0x00000088   Code   RO         2311    .text.osRtxPendSV_Handler  RTX_CM4F.lib(rtx_system.o)
    0x0800d408   0x0800d408   0x00000070   Code   RO         2313    .text.osRtxPostProcess  RTX_CM4F.lib(rtx_system.o)
    0x0800d478   0x0800d478   0x00000036   Code   RO         1499    .text.osRtxSemaphorePostProcess  RTX_CM4F.lib(rtx_semaphore.o)
    0x0800d4ae   0x0800d4ae   0x00000002   PAD
    0x0800d4b0   0x0800d4b0   0x00000034   Code   RO         1263    .text.osRtxThreadBlock  RTX_CM4F.lib(rtx_thread.o)
    0x0800d4e4   0x0800d4e4   0x0000007c   Code   RO         1271    .text.osRtxThreadDelayInsert  RTX_CM4F.lib(rtx_thread.o)
    0x0800d560   0x0800d560   0x0000003c   Code   RO         1267    .text.osRtxThreadDelayRemove  RTX_CM4F.lib(rtx_thread.o)
    0x0800d59c   0x0800d59c   0x00000050   Code   RO         1255    .text.osRtxThreadDelayTick  RTX_CM4F.lib(rtx_thread.o)
    0x0800d5ec   0x0800d5ec   0x00000020   Code   RO         1355    .text.osRtxThreadDestroy  RTX_CM4F.lib(rtx_thread.o)
    0x0800d60c   0x0800d60c   0x00000050   Code   RO         1261    .text.osRtxThreadDispatch  RTX_CM4F.lib(rtx_thread.o)
    0x0800d65c   0x0800d65c   0x00000058   Code   RO         1347    .text.osRtxThreadFree  RTX_CM4F.lib(rtx_thread.o)
    0x0800d6b4   0x0800d6b4   0x0000001e   Code   RO         1353    .text.osRtxThreadJoinWakeup  RTX_CM4F.lib(rtx_thread.o)
    0x0800d6d2   0x0800d6d2   0x00000012   Code   RO         1247    .text.osRtxThreadListGet  RTX_CM4F.lib(rtx_thread.o)
    0x0800d6e4   0x0800d6e4   0x0000002c   Code   RO         1245    .text.osRtxThreadListPut  RTX_CM4F.lib(rtx_thread.o)
    0x0800d710   0x0800d710   0x00000014   Code   RO         1251    .text.osRtxThreadListRemove  RTX_CM4F.lib(rtx_thread.o)
    0x0800d724   0x0800d724   0x00000026   Code   RO         1249    .text.osRtxThreadListSort  RTX_CM4F.lib(rtx_thread.o)
    0x0800d74a   0x0800d74a   0x00000028   Code   RO         1321    .text.osRtxThreadPostProcess  RTX_CM4F.lib(rtx_thread.o)
    0x0800d772   0x0800d772   0x00000002   PAD
    0x0800d774   0x0800d774   0x00000010   Code   RO         1253    .text.osRtxThreadReadyPut  RTX_CM4F.lib(rtx_thread.o)
    0x0800d784   0x0800d784   0x00000014   Code   RO         1257    .text.osRtxThreadRegPtr  RTX_CM4F.lib(rtx_thread.o)
    0x0800d798   0x0800d798   0x00000038   Code   RO         1273    .text.osRtxThreadStartup  RTX_CM4F.lib(rtx_thread.o)
    0x0800d7d0   0x0800d7d0   0x00000010   Code   RO         1259    .text.osRtxThreadSwitch  RTX_CM4F.lib(rtx_thread.o)
    0x0800d7e0   0x0800d7e0   0x0000003c   Code   RO         1269    .text.osRtxThreadWaitEnter  RTX_CM4F.lib(rtx_thread.o)
    0x0800d81c   0x0800d81c   0x00000030   Code   RO         1265    .text.osRtxThreadWaitExit  RTX_CM4F.lib(rtx_thread.o)
    0x0800d84c   0x0800d84c   0x00000078   Code   RO         2309    .text.osRtxTick_Handler  RTX_CM4F.lib(rtx_system.o)
    0x0800d8c4   0x0800d8c4   0x00000020   Code   RO         1405    .text.osRtxTimerSetup  RTX_CM4F.lib(rtx_timer.o)
    0x0800d8e4   0x0800d8e4   0x00000020   Code   RO         1409    .text.osRtxTimerThread  RTX_CM4F.lib(rtx_timer.o)
    0x0800d904   0x0800d904   0x00000070   Code   RO         1407    .text.osRtxTimerTick  RTX_CM4F.lib(rtx_timer.o)
    0x0800d974   0x0800d974   0x00000054   Code   RO         1487    .text.osSemaphoreAcquire  RTX_CM4F.lib(rtx_semaphore.o)
    0x0800d9c8   0x0800d9c8   0x00000024   Code   RO         1483    .text.osSemaphoreNew  RTX_CM4F.lib(rtx_semaphore.o)
    0x0800d9ec   0x0800d9ec   0x0000004c   Code   RO         1489    .text.osSemaphoreRelease  RTX_CM4F.lib(rtx_semaphore.o)
    0x0800da38   0x0800da38   0x0000000c   Code   RO         1305    .text.osThreadExit  RTX_CM4F.lib(rtx_thread.o)
    0x0800da44   0x0800da44   0x00000024   Code   RO         1315    .text.osThreadFlagsClear  RTX_CM4F.lib(rtx_thread.o)
    0x0800da68   0x0800da68   0x00000058   Code   RO         1313    .text.osThreadFlagsSet  RTX_CM4F.lib(rtx_thread.o)
    0x0800dac0   0x0800dac0   0x00000024   Code   RO         1319    .text.osThreadFlagsWait  RTX_CM4F.lib(rtx_thread.o)
    0x0800dae4   0x0800dae4   0x00000028   Code   RO         1281    .text.osThreadGetId  RTX_CM4F.lib(rtx_thread.o)
    0x0800db0c   0x0800db0c   0x00000024   Code   RO         1277    .text.osThreadNew   RTX_CM4F.lib(rtx_thread.o)
    0x0800db30   0x0800db30   0x00000024   Code   RO         1295    .text.osThreadYield  RTX_CM4F.lib(rtx_thread.o)
    0x0800db54   0x0800db54   0x00000024   Code   RO         1411    .text.osTimerNew    RTX_CM4F.lib(rtx_timer.o)
    0x0800db78   0x0800db78   0x00000024   Code   RO         1415    .text.osTimerStart  RTX_CM4F.lib(rtx_timer.o)
    0x0800db9c   0x0800db9c   0x00000014   Code   RO         2118    .text.ping_send_req  Net4_CM3_L.lib(net_ping_core.o)
    0x0800dbb0   0x0800dbb0   0x00000094   Code   RO         2067    .text.proc_opt_renew  Net4_CM3_L.lib(net_dhcp_client.o)
    0x0800dc44   0x0800dc44   0x000000fc   Code   RO         2065    .text.proc_opt_req  Net4_CM3_L.lib(net_dhcp_client.o)
    0x0800dd40   0x0800dd40   0x0000002c   Code   RO         2061    .text.proc_opt_sel  Net4_CM3_L.lib(net_dhcp_client.o)
    0x0800dd6c   0x0800dd6c   0x0000008e   Code   RO          111    .text.qcpy          mongoose.o
    0x0800ddfa   0x0800ddfa   0x00000014   Code   RO         2011    .text.que_add_buf   Net4_CM3_L.lib(net_bsd.o)
    0x0800de0e   0x0800de0e   0x00000018   Code   RO         1675    .text.que_free_list  Net4_CM3_L.lib(net_ip4_frag.o)
    0x0800de26   0x0800de26   0x00000018   Code   RO         2009    .text.que_free_list  Net4_CM3_L.lib(net_bsd.o)
    0x0800de3e   0x0800de3e   0x00000002   PAD
    0x0800de40   0x0800de40   0x0000005a   Code   RO          591    .text.raccept       mongoose.o
    0x0800de9a   0x0800de9a   0x00000002   PAD
    0x0800de9c   0x0800de9c   0x00000124   Code   RO          467    .text.read_conn     mongoose.o
    0x0800dfc0   0x0800dfc0   0x0000000e   Code   RO         1969    .text.recv          Net4_CM3_L.lib(net_bsd.o)
    0x0800dfce   0x0800dfce   0x00000002   PAD
    0x0800dfd0   0x0800dfd0   0x000001ac   Code   RO         1971    .text.recvfrom      Net4_CM3_L.lib(net_bsd.o)
    0x0800e17c   0x0800e17c   0x0000002a   Code   RO          285    .text.roundup       mongoose.o
    0x0800e1a6   0x0800e1a6   0x00000002   PAD
    0x0800e1a8   0x0800e1a8   0x00000050   Code   RO          105    .text.scpy          mongoose.o
    0x0800e1f8   0x0800e1f8   0x00000184   Code   RO         1979    .text.select        Net4_CM3_L.lib(net_bsd.o)
    0x0800e37c   0x0800e37c   0x0000000e   Code   RO         1963    .text.send          Net4_CM3_L.lib(net_bsd.o)
    0x0800e38a   0x0800e38a   0x00000002   PAD
    0x0800e38c   0x0800e38c   0x00000234   Code   RO         1965    .text.sendto        Net4_CM3_L.lib(net_bsd.o)
    0x0800e5c0   0x0800e5c0   0x00000026   Code   RO         1955    .text.set_sock_type  Net4_CM3_L.lib(net_bsd.o)
    0x0800e5e6   0x0800e5e6   0x00000002   PAD
    0x0800e5e8   0x0800e5e8   0x00000032   Code   RO          437    .text.setlocaddr    mongoose.o
    0x0800e61a   0x0800e61a   0x00000002   PAD
    0x0800e61c   0x0800e61c   0x00000160   Code   RO         1987    .text.setsockopt    Net4_CM3_L.lib(net_bsd.o)
    0x0800e77c   0x0800e77c   0x00000040   Code   RO          451    .text.setsockopts   mongoose.o
    0x0800e7bc   0x0800e7bc   0x00000098   Code   RO          201    .text.skip          mongoose.o
    0x0800e854   0x0800e854   0x00000066   Code   RO          593    .text.skip_iotest   mongoose.o
    0x0800e8ba   0x0800e8ba   0x00000002   PAD
    0x0800e8bc   0x0800e8bc   0x000000a4   Code   RO         1933    .text.socket        Net4_CM3_L.lib(net_bsd.o)
    0x0800e960   0x0800e960   0x00000016   Code   RO           14    .text.spin          main.o
    0x0800e976   0x0800e976   0x00000016   Code   RO         1393    .text.svcRtxDelay   RTX_CM4F.lib(rtx_delay.o)
    0x0800e98c   0x0800e98c   0x00000008   Code   RO         1201    .text.svcRtxKernelGetTickCount  RTX_CM4F.lib(rtx_kernel.o)
    0x0800e994   0x0800e994   0x00000008   Code   RO         1205    .text.svcRtxKernelGetTickFreq  RTX_CM4F.lib(rtx_kernel.o)
    0x0800e99c   0x0800e99c   0x000000f8   Code   RO         1215    .text.svcRtxKernelInitialize  RTX_CM4F.lib(rtx_kernel.o)
    0x0800ea94   0x0800ea94   0x00000088   Code   RO         1217    .text.svcRtxKernelStart  RTX_CM4F.lib(rtx_kernel.o)
    0x0800eb1c   0x0800eb1c   0x000000c8   Code   RO         2291    .text.svcRtxMessageQueueGet  RTX_CM4F.lib(rtx_msgqueue.o)
    0x0800ebe4   0x0800ebe4   0x00000118   Code   RO         2249    .text.svcRtxMessageQueueNew  RTX_CM4F.lib(rtx_msgqueue.o)
    0x0800ecfc   0x0800ecfc   0x000000a8   Code   RO         2287    .text.svcRtxMessageQueuePut  RTX_CM4F.lib(rtx_msgqueue.o)
    0x0800eda4   0x0800eda4   0x00000090   Code   RO         1467    .text.svcRtxMutexAcquire  RTX_CM4F.lib(rtx_mutex.o)
    0x0800ee34   0x0800ee34   0x00000064   Code   RO         1463    .text.svcRtxMutexNew  RTX_CM4F.lib(rtx_mutex.o)
    0x0800ee98   0x0800ee98   0x000000b0   Code   RO         1469    .text.svcRtxMutexRelease  RTX_CM4F.lib(rtx_mutex.o)
    0x0800ef48   0x0800ef48   0x00000058   Code   RO         1503    .text.svcRtxSemaphoreAcquire  RTX_CM4F.lib(rtx_semaphore.o)
    0x0800efa0   0x0800efa0   0x0000007c   Code   RO         1497    .text.svcRtxSemaphoreNew  RTX_CM4F.lib(rtx_semaphore.o)
    0x0800f01c   0x0800f01c   0x00000038   Code   RO         1507    .text.svcRtxSemaphoreRelease  RTX_CM4F.lib(rtx_semaphore.o)
    0x0800f054   0x0800f054   0x00000048   Code   RO         1351    .text.svcRtxThreadExit  RTX_CM4F.lib(rtx_thread.o)
    0x0800f09c   0x0800f09c   0x00000034   Code   RO         1365    .text.svcRtxThreadFlagsClear  RTX_CM4F.lib(rtx_thread.o)
    0x0800f0d0   0x0800f0d0   0x00000066   Code   RO         1363    .text.svcRtxThreadFlagsSet  RTX_CM4F.lib(rtx_thread.o)
    0x0800f136   0x0800f136   0x00000002   PAD
    0x0800f138   0x0800f138   0x00000048   Code   RO         1369    .text.svcRtxThreadFlagsWait  RTX_CM4F.lib(rtx_thread.o)
    0x0800f180   0x0800f180   0x0000000c   Code   RO         1283    .text.svcRtxThreadGetId  RTX_CM4F.lib(rtx_thread.o)
    0x0800f18c   0x0800f18c   0x000001ec   Code   RO         1275    .text.svcRtxThreadNew  RTX_CM4F.lib(rtx_thread.o)
    0x0800f378   0x0800f378   0x00000038   Code   RO         1337    .text.svcRtxThreadYield  RTX_CM4F.lib(rtx_thread.o)
    0x0800f3b0   0x0800f3b0   0x00000078   Code   RO         1425    .text.svcRtxTimerNew  RTX_CM4F.lib(rtx_timer.o)
    0x0800f428   0x0800f428   0x00000048   Code   RO         1429    .text.svcRtxTimerStart  RTX_CM4F.lib(rtx_timer.o)
    0x0800f470   0x0800f470   0x00000010   Code   RO         2164    .text.sys_map_if    Net4_CM3_L.lib(net_sys.o)
    0x0800f480   0x0800f480   0x0000004e   Code   RO            8    .text.systick_init  main.o
    0x0800f4ce   0x0800f4ce   0x0000005a   Code   RO         1880    .text.tcp_parse_opt  Net4_CM3_L.lib(net_tcp.o)
    0x0800f528   0x0800f528   0x00000018   Code   RO         1874    .text.tcp_que_free  Net4_CM3_L.lib(net_tcp.o)
    0x0800f540   0x0800f540   0x0000001c   Code   RO         1872    .text.tcp_que_init  Net4_CM3_L.lib(net_tcp.o)
    0x0800f55c   0x0800f55c   0x00000088   Code   RO         1870    .text.tcp_que_resend  Net4_CM3_L.lib(net_tcp.o)
    0x0800f5e4   0x0800f5e4   0x00000078   Code   RO         1850    .text.tcp_send_ctrl  Net4_CM3_L.lib(net_tcp.o)
    0x0800f65c   0x0800f65c   0x0000005c   Code   RO         1854    .text.tcp_send_data  Net4_CM3_L.lib(net_tcp.o)
    0x0800f6b8   0x0800f6b8   0x00000072   Code   RO         1878    .text.tcp_send_reset  Net4_CM3_L.lib(net_tcp.o)
    0x0800f72a   0x0800f72a   0x0000001c   Code   RO         1882    .text.tcp_set_cwnd  Net4_CM3_L.lib(net_tcp.o)
    0x0800f746   0x0800f746   0x00000002   PAD
    0x0800f748   0x0800f748   0x00000068   Code   RO         1852    .text.tcp_transit   Net4_CM3_L.lib(net_tcp.o)
    0x0800f7b0   0x0800f7b0   0x000000c8   Code   RO         1886    .text.tcp_write     Net4_CM3_L.lib(net_tcp.o)
    0x0800f878   0x0800f878   0x0000002a   Code   RO          449    .text.tomgaddr      mongoose.o
    0x0800f8a2   0x0800f8a2   0x00000002   PAD
    0x0800f8a4   0x0800f8a4   0x00000032   Code   RO          435    .text.tousa         mongoose.o
    0x0800f8d6   0x0800f8d6   0x00000002   PAD
    0x0800f8d8   0x0800f8d8   0x00000142   Code   RO           10    .text.uart_init     main.o
    0x0800fa1a   0x0800fa1a   0x00000002   PAD
    0x0800fa1c   0x0800fa1c   0x00000018   Code   RO           20    .text.uart_logger   main.o
    0x0800fa34   0x0800fa34   0x0000002c   Code   RO           26    .text.uart_write_byte  main.o
    0x0800fa60   0x0800fa60   0x00000034   Code   RO         1752    .text.udp_port_in_use  Net4_CM3_L.lib(net_udp.o)
    0x0800fa94   0x0800fa94   0x0000011a   Code   RO          513    .text.urlparse      mongoose.o
    0x0800fbae   0x0800fbae   0x00000002   PAD
    0x0800fbb0   0x0800fbb0   0x000000c6   Code   RO          469    .text.write_conn    mongoose.o
    0x0800fc76   0x0800fc76   0x00000002   PAD
    0x0800fc78   0x0800fc78   0x0000003a   Code   RO          555    .text.xisinf        mongoose.o
    0x0800fcb2   0x0800fcb2   0x00000002   PAD
    0x0800fcb4   0x0800fcb4   0x00000030   Code   RO          557    .text.xisnan        mongoose.o
    0x0800fce4   0x0800fce4   0x0000002a   Code   RO          287    .text.zeromem       mongoose.o
    0x0800fd0e   0x0800fd0e   0x00000002   PAD
    0x0800fd10   0x0800fd10   0x00000008   Code   RO         2631    i.__aeabi_errno_addr  mc_w.l(errno.o)
    0x0800fd18   0x0800fd18   0x0000000e   Code   RO         2781    i.__scatterload_copy  mc_w.l(handlers.o)
    0x0800fd26   0x0800fd26   0x00000002   Code   RO         2782    i.__scatterload_null  mc_w.l(handlers.o)
    0x0800fd28   0x0800fd28   0x0000000e   Code   RO         2783    i.__scatterload_zeroinit  mc_w.l(handlers.o)
    0x0800fd36   0x0800fd36   0x00000012   Code   RO         2699    i.fputc             mc_w.l(fputc.o)
    0x0800fd48   0x0800fd48   0x00000050   Code   RO         2601    i.free              mc_w.l(malloc.o)
    0x0800fd98   0x0800fd98   0x0000006c   Code   RO         2602    i.malloc            mc_w.l(malloc.o)
    0x0800fe04   0x0800fe04   0x00000004   Code   RO         2543    i.putc              mc_w.l(putc.o)
    0x0800fe08   0x0800fe08   0x00000081   Data   RO         2711    .constdata          mc_w.l(ctype_o.o)
    0x0800fe89   0x0800fe89   0x00000003   PAD
    0x0800fe8c   0x0800fe8c   0x00000004   Data   RO         2712    .constdata          mc_w.l(ctype_o.o)
    0x0800fe90   0x0800fe90   0x00000070   Data   RO          631    .rodata             rtx_lib.o
    0x0800ff00   0x0800ff00   0x00000038   Data   RO          634    .rodata             rtx_lib.o
    0x0800ff38   0x0800ff38   0x00000010   Data   RO         1052    .rodata.AHBPrescTable  system_stm32f4xx.o
    0x0800ff48   0x0800ff48   0x00000004   Data   RO          739    .rodata.DriverCapabilities  emac_stm32f4xx.o
    0x0800ff4c   0x0800ff4c   0x00000004   Data   RO          673    .rodata.DriverVersion  phy_lan8742a.o
    0x0800ff50   0x0800ff50   0x00000004   Data   RO          738    .rodata.DriverVersion  emac_stm32f4xx.o
    0x0800ff54   0x0800ff54   0x00000044   Data   RO          737    .rodata.Driver_ETH_MAC0  emac_stm32f4xx.o
    0x0800ff98   0x0800ff98   0x00000020   Data   RO          672    .rodata.Driver_ETH_PHY0  phy_lan8742a.o
    0x0800ffb8   0x0800ffb8   0x00000014   Data   RO         1139    .rodata.eth0_arp_config  net_config.o
    0x0800ffcc   0x0800ffcc   0x00000010   Data   RO         1143    .rodata.eth0_dhcp_config  net_config.o
    0x0800ffdc   0x0800ffdc   0x0000000c   Data   RO         1141    .rodata.eth0_icmp_config  net_config.o
    0x0800ffe8   0x0800ffe8   0x00000028   Data   RO         1132    .rodata.eth0_ip4_config  net_config.o
    0x08010010   0x08010010   0x00000020   Data   RO         1125    .rodata.eth0_ll_config  net_config.o
    0x08010030   0x08010030   0x00000010   Data   RO         1124    .rodata.eth0_lock_attr  net_config.o
    0x08010040   0x08010040   0x00000024   Data   RO         1126    .rodata.eth0_thread_attr  net_config.o
    0x08010064   0x08010064   0x00000048   Data   RO          740    .rodata.eth_pins    emac_stm32f4xx.o
    0x080100ac   0x080100ac   0x00000010   Data   RO         1123    .rodata.mem_lock_attr  net_config.o
    0x080100bc   0x080100bc   0x00000004   Data   RO         2382    .rodata.net_addr4_loopback  Net4_CM3_L.lib(net_ip4.o)
    0x080100c0   0x080100c0   0x00000006   Data   RO         2517    .rodata.net_addr_bcast  Net4_CM3_L.lib(net_addr.o)
    0x080100c6   0x080100c6   0x00000006   Data   RO         2516    .rodata.net_addr_unspec  Net4_CM3_L.lib(net_addr.o)
    0x080100cc   0x080100cc   0x00000008   Data   RO         1140    .rodata.net_arp_list  net_config.o
    0x080100d4   0x080100d4   0x00000008   Data   RO         1152    .rodata.net_bsd_config  net_config.o
    0x080100dc   0x080100dc   0x00000008   Data   RO         1144    .rodata.net_dhcp_list  net_config.o
    0x080100e4   0x080100e4   0x0000002c   Data   RO         1133    .rodata.net_eth0_if_config  net_config.o
    0x08010110   0x08010110   0x00000008   Data   RO         1134    .rodata.net_eth_list  net_config.o
    0x08010118   0x08010118   0x00000008   Data   RO         1142    .rodata.net_icmp_list  net_config.o
    0x08010120   0x08010120   0x00000004   Data   RO         1137    .rodata.net_if_inet_def  net_config.o
    0x08010124   0x08010124   0x00000004   Data   RO         1138    .rodata.net_if_link_def  net_config.o
    0x08010128   0x08010128   0x00000008   Data   RO         1136    .rodata.net_if_list_all  net_config.o
    0x08010130   0x08010130   0x00000008   Data   RO         1135    .rodata.net_if_list_lan  net_config.o
    0x08010138   0x08010138   0x00000008   Data   RO         1146    .rodata.net_ip4_frag_config  net_config.o
    0x08010140   0x08010140   0x00000004   Data   RO         2529    .rodata.net_lib_version  Net4_CM3_L.lib(net_version.o)
    0x08010144   0x08010144   0x00000010   Data   RO         1122    .rodata.net_lock_attr  net_config.o
    0x08010154   0x08010154   0x0000002c   Data   RO         1659    .rodata.net_loop_if_config  Net4_CM3_L.lib(net_loopback.o)
    0x08010180   0x08010180   0x00000012   Data   RO         2122    .rodata.net_ping_payload  Net4_CM3_L.lib(net_ping_core.o)
    0x08010192   0x08010192   0x00000002   PAD
    0x08010194   0x08010194   0x0000001c   Data   RO         1129    .rodata.net_sys_config  net_config.o
    0x080101b0   0x080101b0   0x00000018   Data   RO         1150    .rodata.net_tcp_config  net_config.o
    0x080101c8   0x080101c8   0x00000024   Data   RO         1120    .rodata.net_thread_attr  net_config.o
    0x080101ec   0x080101ec   0x00000010   Data   RO         1121    .rodata.net_timer_attr  net_config.o
    0x080101fc   0x080101fc   0x0000000c   Data   RO         1148    .rodata.net_udp_config  net_config.o
    0x08010208   0x08010208   0x00000004   Data   RO          633    .rodata.osRtxUserSVC  rtx_lib.o
    0x0801020c   0x0801020c   0x00000024   Data   RO          628    .rodata.os_idle_thread_attr  rtx_lib.o
    0x08010230   0x08010230   0x00000018   Data   RO          630    .rodata.os_timer_mq_attr  rtx_lib.o
    0x08010248   0x08010248   0x00000024   Data   RO          629    .rodata.os_timer_thread_attr  rtx_lib.o
    0x0801026c   0x0801026c   0x00000043   Data   RO           28    .rodata.str1.1      main.o
    0x080102af   0x080102af   0x0000046a   Data   RO          607    .rodata.str1.1      mongoose.o
    0x08010719   0x08010719   0x000000b0   Data   RO         1128    .rodata.str1.1      net_config.o
    0x080107c9   0x080107c9   0x00000003   PAD
    0x080107cc   0x080107cc   0x0000000b   Data   RO         1235    .rodata.str1.4      RTX_CM4F.lib(rtx_kernel.o)
    0x080107d7   0x080107d7   0x00000001   PAD
    0x080107d8   0x080107d8   0x0000002c   Data   RO         1164    .rodata.sys_fn_init  net_config.o
    0x08010804   0x08010804   0x00000024   Data   RO         1165    .rodata.sys_fn_run  net_config.o
    0x08010828   0x08010828   0x00000020   Data   RO         2780    Region$$Table       anon$$obj.o


    Execution Region ER_RW (Exec base: 0x20000000, Load base: 0x08010848, Size: 0x000000c0, Max: 0xffffffff, ABSOLUTE)

    Exec Addr    Load Addr    Size         Type   Attr      Idx    E Section Name        Object

    0x20000000   0x08010848   0x00000004   Data   RW         2567    .data               mc_w.l(stdout.o)
    0x20000004   0x0801084c   0x00000004   Data   RW         2634    .data               mc_w.l(errno.o)
    0x20000008   0x08010850   0x00000004   Data   RW         2738    .data               mc_w.l(mvars.o)
    0x2000000c   0x08010854   0x00000004   Data   RW         2739    .data               mc_w.l(mvars.o)
    0x20000010   0x08010858   0x00000004   Data   RW         1051    .data.SystemCoreClock  system_stm32f4xx.o
    0x20000014   0x0801085c   0x000000a4   Data   RW         1236    .data.os            RTX_CM4F.lib(rtx_kernel.o)
    0x200000b8   0x08010900   0x00000004   Data   RW          614    .data.s_level       mongoose.o
    0x200000bc   0x08010904   0x00000004   Data   RW          612    .data.s_log_func    mongoose.o


    Execution Region ER_ZI (Exec base: 0x200000c0, Load base: 0x08010908, Size: 0x00025628, Max: 0xffffffff, ABSOLUTE)

    Exec Addr    Load Addr    Size         Type   Attr      Idx    E Section Name        Object

    0x200000c0        -       0x00000002   Zero   RW         2086    .bss..L_MergedGlobals  Net4_CM3_L.lib(net_dhcp_client.o)
    0x200000c2   0x08010908   0x00000002   PAD
    0x200000c4        -       0x00000038   Zero   RW         2172    .bss..L_MergedGlobals  Net4_CM3_L.lib(net_sys.o)
    0x200000fc        -       0x0000000c   Zero   RW          736    .bss.Emac           emac_stm32f4xx.o
    0x20000108        -       0x0000000c   Zero   RW          674    .bss.PHY            phy_lan8742a.o
    0x20000114        -       0x00000180   Zero   RW         1151    .bss.bsd_scb        net_config.o
    0x20000294        -       0x000000c8   Zero   RW         1163    .bss.eth0_arp_table  net_config.o
    0x2000035c        -       0x00000018   Zero   RW         1131    .bss.eth0_localm    net_config.o
    0x20000374        -       0x00000006   Zero   RW         1156    .bss.eth0_mac_addr  net_config.o
    0x2000037a   0x08010908   0x00000006   PAD
    0x20000380        -       0x00000200   Zero   RW         1162    .bss.eth0_stack     net_config.o
    0x20000580        -       0x00000004   Zero   RW         1130    .bss.eth0_state     net_config.o
    0x20000584   0x08010908   0x00000004   PAD
    0x20000588        -       0x00000008   Zero   RW         2383    .bss.ip4_control    Net4_CM3_L.lib(net_ip4.o)
    0x20000590        -       0x00000028   Zero   RW         1145    .bss.ip4_frag_scb   net_config.o
    0x200005b8        -       0x00000004   Zero   RW         1119    .bss.k_mul          net_config.o
    0x200005bc        -       0x00000004   Zero   RW         1660    .bss.loop_control   Net4_CM3_L.lib(net_loopback.o)
    0x200005c0        -       0x00000014   Zero   RW         2408    .bss.mem_control    Net4_CM3_L.lib(net_mem.o)
    0x200005d4        -       0x00007d00   Zero   RW         1127    .bss.mem_pool       net_config.o
    0x200082d4        -       0x00000001   Zero   RW         2101    .bss.nbns_socket    Net4_CM3_L.lib(net_nbns_client.o)
    0x200082d5   0x08010908   0x00000003   PAD
    0x200082d8        -       0x00000018   Zero   RW         1638    .bss.net_eth0_arp_control  Net4_CM3_L.lib(net_arp.o)
    0x200082f0        -       0x00000028   Zero   RW         2082    .bss.net_eth0_dhcp_control  Net4_CM3_L.lib(net_dhcp_client.o)
    0x20008318        -       0x00000001   Zero   RW         1702    .bss.net_eth0_icmp_control  Net4_CM3_L.lib(net_icmp.o)
    0x20008319   0x08010908   0x00000003   PAD
    0x2000831c        -       0x000000a0   Zero   RW         1574    .bss.net_eth0_if_control  Net4_CM3_L.lib(net_eth.o)
    0x200083bc        -       0x00000004   Zero   RW         1685    .bss.net_ip4_frag_get.dfrag  Net4_CM3_L.lib(net_ip4_frag.o)
    0x200083c0        -       0x00000020   Zero   RW         2123    .bss.net_ping_control  Net4_CM3_L.lib(net_ping_core.o)
    0x200083e0        -       0x00000400   Zero   RW         1158    .bss.net_stack      net_config.o
    0x200087e0        -       0x00000002   Zero   RW         1916    .bss.net_tcp_alloc_port.port  Net4_CM3_L.lib(net_tcp.o)
    0x200087e2        -       0x00000001   Zero   RW         1917    .bss.net_tcp_socket_run.socket  Net4_CM3_L.lib(net_tcp.o)
    0x200087e3   0x08010908   0x00000001   PAD
    0x200087e4        -       0x00000010   Zero   RW         1770    .bss.net_udp_process.addr  Net4_CM3_L.lib(net_udp.o)
    0x200087f4   0x08010908   0x00000004   PAD
    0x200087f8        -       0x00008040   Zero   RW          627    .bss.os             rtx_lib.o
    0x20010838        -       0x00000001   Zero   RW         2341    .bss.os             RTX_CM4F.lib(os_systick.o)
    0x20010839   0x08010908   0x00000003   PAD
    0x2001083c        -       0x00000034   Zero   RW          638    .bss.os.msgqueue.cb  rtx_lib.o
    0x20010870        -       0x00000050   Zero   RW          639    .bss.os.msgqueue.mem  rtx_lib.o
    0x200108c0        -       0x00000038   Zero   RW         1160    .bss.os.mutex.cb    net_config.o
    0x200108f8        -       0x00000010   Zero   RW         1161    .bss.os.semaphore.cb  net_config.o
    0x20010908        -       0x00000088   Zero   RW          635    .bss.os.thread.cb   rtx_lib.o
    0x20010990        -       0x00000088   Zero   RW         1157    .bss.os.thread.cb   net_config.o
    0x20010a18        -       0x00000200   Zero   RW          636    .bss.os.thread.idle.stack  rtx_lib.o
    0x20010c18        -       0x00000200   Zero   RW          637    .bss.os.thread.timer.stack  rtx_lib.o
    0x20010e18        -       0x00000020   Zero   RW         1159    .bss.os.timer.cb    net_config.o
    0x20010e38        -       0x00001800   Zero   RW          743    .bss.rx_buf         emac_stm32f4xx.o
    0x20012638        -       0x00000080   Zero   RW          742    .bss.rx_desc        emac_stm32f4xx.o
    0x200126b8        -       0x00000004   Zero   RW          613    .bss.s_log_func_param  mongoose.o
    0x200126bc   0x08010908   0x00000004   PAD
    0x200126c0        -       0x00000018   Zero   RW         2031    .bss.select.scan_fds  Net4_CM3_L.lib(net_bsd.o)
    0x200126d8        -       0x00000008   Zero   RW         2029    .bss.sendto.to_addr  Net4_CM3_L.lib(net_bsd.o)
    0x200126e0        -       0x00000320   Zero   RW         1149    .bss.tcp_scb        net_config.o
    0x20012a00        -       0x00000c00   Zero   RW          744    .bss.tx_buf         emac_stm32f4xx.o
    0x20013600        -       0x00000040   Zero   RW          741    .bss.tx_desc        emac_stm32f4xx.o
    0x20013640        -       0x00000002   Zero   RW         1771    .bss.udp_alloc_port.port  Net4_CM3_L.lib(net_udp.o)
    0x20013642   0x08010908   0x00000002   PAD
    0x20013644        -       0x000000a0   Zero   RW         1147    .bss.udp_scb        net_config.o
    0x200136e4        -       0x00000004   Zero   RW          812    .bss.uwTick         stm32f4xx_hal.o
    0x200136e8        -       0x00010000   Zero   RW         1038    HEAP                startup_stm32f429xx.o
    0x200236e8        -       0x00002000   Zero   RW         1037    STACK               startup_stm32f429xx.o


==============================================================================

Image component sizes


      Code (inc. data)   RO Data    RW Data    ZI Data      Debug   Object Name

      5370         12        148          0       9420      16909   emac_stm32f4xx.o
      1298          0         67          0          0       9682   main.o
     23020         64       1130          8          4      95800   mongoose.o
       632          8        692          0      35398      18103   net_config.o
       894          0         36          0         12       3473   phy_lan8742a.o
        54          6          0          0          0        701   rtx_config.o
         0          0        268          0      34124       5562   rtx_lib.o
        36          8        428          0      73728        864   startup_stm32f429xx.o
        12          0          0          0          4       7765   stm32f4xx_hal.o
      1610          0          0          0          0       5387   stm32f4xx_hal_gpio.o
        12          0          0          0          0       7829   stm32f4xx_hal_rcc.o
       320          0         16          4          0       2672   system_stm32f4xx.o

    ----------------------------------------------------------------------
     33428         98       2820         12     152704     174747   Object Totals
         0          0         32          0          0          0   (incl. Generated)
       170          0          3          0         14          0   (incl. Padding)

    ----------------------------------------------------------------------

      Code (inc. data)   RO Data    RW Data    ZI Data      Debug   Library Member Name

       332          4         12          0          0        364   net_addr.o
      2066         42          0          0         24        764   net_arp.o
      4664         98          0          0         32       1316   net_bsd.o
       302          4          0          0          0        656   net_common.o
      2370         80          0          0         42        504   net_dhcp_client.o
      1936         20          0          0        160        580   net_eth.o
       404         16          0          0          1        132   net_icmp.o
       978         48          4          0          8        348   net_ip4.o
       728         24          0          0          4        220   net_ip4_frag.o
       208         12         44          0          4        112   net_loopback.o
       432         12          0          0         20        208   net_mem.o
       368         20          0          0          1        100   net_nbns_client.o
       100         12         18          0         32        160   net_ping_core.o
       500         28          0          0         56        440   net_sys.o
      5096         70          0          0          3       1508   net_tcp.o
      1212         42          0          0         18        652   net_udp.o
         0          0          4          0          0          0   net_version.o
       200         12          0          0          0        634   irq_armv7m.o
       114         20          0          0          1       3199   os_systick.o
        58          4          0          0          0       2797   rtx_delay.o
       584         40         11        164          0      16781   rtx_kernel.o
       228          0          0          0          0       2590   rtx_memory.o
       188          0          0          0          0      16188   rtx_mempool.o
      1292         20          0          0          0      18765   rtx_msgqueue.o
       672         16          0          0          0      10068   rtx_mutex.o
       564         24          0          0          0      10644   rtx_semaphore.o
       368         18          0          0          0       5444   rtx_system.o
      2176         84          0          0          0      32486   rtx_thread.o
       548         32          0          0          0      10433   rtx_timer.o
        28          0          0          0          0         68   _chval.o
       158          0          0          0          0         92   _strtoul.o
        26          0          0          0          0         80   atoi.o
        28          0          0          0          0         76   calloc.o
         8          4        133          0          0         68   ctype_o.o
         0          0          0          0          0          0   entry.o
         0          0          0          0          0          0   entry10a.o
         0          0          0          0          0          0   entry11a.o
         8          4          0          0          0          0   entry2.o
         4          0          0          0          0          0   entry5.o
         0          0          0          0          0          0   entry7b.o
         0          0          0          0          0          0   entry8b.o
         8          4          0          0          0          0   entry9a.o
         8          4          0          4          0         68   errno.o
        18          0          0          0          0         80   fputc.o
        30          0          0          0          0          0   handlers.o
        36          8          0          0          0         68   init.o
         0          0          0          0          0          0   iusefp.o
         0          0          0          0          0          0   iusesemip.o
        30          0          0          0          0         68   llshl.o
        36          0          0          0          0         68   llsshr.o
        32          0          0          0          0         68   llushr.o
       188         20          0          0          0        160   malloc.o
        20          0          0          0          0         68   memchr.o
        26          0          0          0          0         80   memcmp.o
        64          0          0          0          0         76   memmovea.o
        36          0          0          0          0        108   memseta.o
         0          0          0          8          0          0   mvars.o
         4          0          0          0          0         68   putc.o
         0          0          0          0          0          0   semi.o
         0          0          0          4          0          0   stdout.o
        20          0          0          0          0         68   strchr.o
        14          0          0          0          0         68   strlen.o
        30          0          0          0          0         80   strncmp.o
        22          0          0          0          0         68   strrchr.o
       112          0          0          0          0         88   strtol.o
        98          0          0          0          0         92   uldiv.o
       334          0          0          0          0        148   dadd.o
        56          0          0          0          0         80   dcmpeq.o
        54          0          0          0          0         80   dcmpge.o
        54          0          0          0          0         80   dcmpgt.o
        54          0          0          0          0         80   dcmple.o
        54          0          0          0          0         80   dcmplt.o
       222          0          0          0          0        100   ddiv.o
       186          0          0          0          0        176   depilogue.o
        62          0          0          0          0         80   dfixi.o
        34          0          0          0          0         76   dflti.o
       228          0          0          0          0         96   dmul.o

    ----------------------------------------------------------------------
     31176        846        232        180        424     140997   Library Totals
        58          0          6          0         18          0   (incl. Padding)

    ----------------------------------------------------------------------

      Code (inc. data)   RO Data    RW Data    ZI Data      Debug   Library Name

     21696        532         82          0        405       8064   Net4_CM3_L.lib
      6992        270         11        164          1     130029   RTX_CM4F.lib
      1092         44        133         16          0       1828   mc_w.l
      1338          0          0          0          0       1076   mf_w.l

    ----------------------------------------------------------------------
     31176        846        232        180        424     140997   Library Totals

    ----------------------------------------------------------------------

==============================================================================


      Code (inc. data)   RO Data    RW Data    ZI Data      Debug   

     64604        944       3052        192     153128     313616   Grand Totals
     64604        944       3052        192     153128     313616   ELF Image Totals
     64604        944       3052        192          0          0   ROM Totals

==============================================================================

    Total RO  Size (Code + RO Data)                67656 (  66.07kB)
    Total RW  Size (RW Data + ZI Data)            153320 ( 149.73kB)
    Total ROM Size (Code + RO Data + RW Data)      67848 (  66.26kB)

==============================================================================

